Archive member included to satisfy reference by file (symbol)

C:/Users/WINDOWS/Downloads/msys64/mingw64/bin/../lib/gcc/x86_64-w64-mingw32/11.2.0/libstdc++.dll.a(d006693.o)
                              C:\Users\WINDOWS\AppData\Local\Temp\ccgCgt9q.o (__gxx_personality_seh0)
C:/Users/WINDOWS/Downloads/msys64/mingw64/bin/../lib/gcc/x86_64-w64-mingw32/11.2.0/libstdc++.dll.a(d005637.o)
                              C:\Users\WINDOWS\AppData\Local\Temp\ccgCgt9q.o (std::basic_istream<char, std::char_traits<char> >& std::operator>><char, std::char_traits<char>, std::allocator<char> >(std::basic_istream<char, std::char_traits<char> >&, std::__cxx11::basic_string<char, std::char_traits<char>, std::allocator<char> >&))
C:/Users/WINDOWS/Downloads/msys64/mingw64/bin/../lib/gcc/x86_64-w64-mingw32/11.2.0/libstdc++.dll.a(d005582.o)
                              C:\Users\WINDOWS\AppData\Local\Temp\ccgCgt9q.o (std::basic_ostream<char, std::char_traits<char> >& std::operator<< <std::char_traits<char> >(std::basic_ostream<char, std::char_traits<char> >&, char const*))
C:/Users/WINDOWS/Downloads/msys64/mingw64/bin/../lib/gcc/x86_64-w64-mingw32/11.2.0/libstdc++.dll.a(d005474.o)
                              C:\Users\WINDOWS\AppData\Local\Temp\ccgCgt9q.o (std::basic_istream<char, std::char_traits<char> >& std::getline<char, std::char_traits<char>, std::allocator<char> >(std::basic_istream<char, std::char_traits<char> >&, std::__cxx11::basic_string<char, std::char_traits<char>, std::allocator<char> >&))
C:/Users/WINDOWS/Downloads/msys64/mingw64/bin/../lib/gcc/x86_64-w64-mingw32/11.2.0/libstdc++.dll.a(d005463.o)
                              C:\Users\WINDOWS\AppData\Local\Temp\ccgCgt9q.o (std::basic_ostream<char, std::char_traits<char> >& std::endl<char, std::char_traits<char> >(std::basic_ostream<char, std::char_traits<char> >&))
C:/Users/WINDOWS/Downloads/msys64/mingw64/bin/../lib/gcc/x86_64-w64-mingw32/11.2.0/libstdc++.dll.a(d005462.o)
                              C:\Users\WINDOWS\AppData\Local\Temp\ccgCgt9q.o (std::cout)
C:/Users/WINDOWS/Downloads/msys64/mingw64/bin/../lib/gcc/x86_64-w64-mingw32/11.2.0/libstdc++.dll.a(d005459.o)
                              C:\Users\WINDOWS\AppData\Local\Temp\ccgCgt9q.o (std::cin)
C:/Users/WINDOWS/Downloads/msys64/mingw64/bin/../lib/gcc/x86_64-w64-mingw32/11.2.0/libstdc++.dll.a(d005450.o)
                              C:\Users\WINDOWS\AppData\Local\Temp\ccgCgt9q.o (std::__throw_invalid_argument(char const*))
C:/Users/WINDOWS/Downloads/msys64/mingw64/bin/../lib/gcc/x86_64-w64-mingw32/11.2.0/libstdc++.dll.a(d005436.o)
                              C:\Users\WINDOWS\AppData\Local\Temp\ccgCgt9q.o (std::__throw_out_of_range(char const*))
C:/Users/WINDOWS/Downloads/msys64/mingw64/bin/../lib/gcc/x86_64-w64-mingw32/11.2.0/libstdc++.dll.a(d005165.o)
                              C:\Users\WINDOWS\AppData\Local\Temp\ccgCgt9q.o (std::ios_base::Init::~Init())
C:/Users/WINDOWS/Downloads/msys64/mingw64/bin/../lib/gcc/x86_64-w64-mingw32/11.2.0/libstdc++.dll.a(d005163.o)
                              C:\Users\WINDOWS\AppData\Local\Temp\ccgCgt9q.o (std::ios_base::Init::Init())
C:/Users/WINDOWS/Downloads/msys64/mingw64/bin/../lib/gcc/x86_64-w64-mingw32/11.2.0/libstdc++.dll.a(d004874.o)
                              C:\Users\WINDOWS\AppData\Local\Temp\ccgCgt9q.o (std::__cxx11::basic_stringstream<char, std::char_traits<char>, std::allocator<char> >::~basic_stringstream())
C:/Users/WINDOWS/Downloads/msys64/mingw64/bin/../lib/gcc/x86_64-w64-mingw32/11.2.0/libstdc++.dll.a(d004863.o)
                              C:\Users\WINDOWS\AppData\Local\Temp\ccgCgt9q.o (std::__cxx11::basic_stringstream<char, std::char_traits<char>, std::allocator<char> >::basic_stringstream(std::__cxx11::basic_string<char, std::char_traits<char>, std::allocator<char> > const&, std::_Ios_Openmode))
C:/Users/WINDOWS/Downloads/msys64/mingw64/bin/../lib/gcc/x86_64-w64-mingw32/11.2.0/libstdc++.dll.a(d004535.o)
                              C:\Users\WINDOWS\AppData\Local\Temp\ccgCgt9q.o (std::__cxx11::basic_string<char, std::char_traits<char>, std::allocator<char> >::operator+=(char))
C:/Users/WINDOWS/Downloads/msys64/mingw64/bin/../lib/gcc/x86_64-w64-mingw32/11.2.0/libstdc++.dll.a(d004531.o)
                              C:\Users\WINDOWS\AppData\Local\Temp\ccgCgt9q.o (std::__cxx11::basic_string<char, std::char_traits<char>, std::allocator<char> >::operator[](unsigned long long))
C:/Users/WINDOWS/Downloads/msys64/mingw64/bin/../lib/gcc/x86_64-w64-mingw32/11.2.0/libstdc++.dll.a(d004527.o)
                              C:\Users\WINDOWS\AppData\Local\Temp\ccgCgt9q.o (std::__cxx11::basic_string<char, std::char_traits<char>, std::allocator<char> >::operator=(char const*))
C:/Users/WINDOWS/Downloads/msys64/mingw64/bin/../lib/gcc/x86_64-w64-mingw32/11.2.0/libstdc++.dll.a(d004524.o)
                              C:\Users\WINDOWS\AppData\Local\Temp\ccgCgt9q.o (std::__cxx11::basic_string<char, std::char_traits<char>, std::allocator<char> >::~basic_string())
[...]
Memory Configuration

Name             Origin             Length             Attributes
*default*        0x0000000000000000 0xffffffffffffffff

Linker script and memory map

                0x0000000140000000                __image_base__ = 0x140000000
                0x0000000000000000                __dll__ = 0x0
                0x0000000140000000                __ImageBase = 0x140000000
                0x0000000000001000                __section_alignment__ = 0x1000
                0x0000000000000200                __file_alignment__ = 0x200
                0x0000000000000004                __major_os_version__ = 0x4
                0x0000000000000000                __minor_os_version__ = 0x0
                0x0000000000000000                __major_image_version__ = 0x0
                0x0000000000000000                __minor_image_version__ = 0x0
                0x0000000000000005                __major_subsystem_version__ = 0x5
                0x0000000000000002                __minor_subsystem_version__ = 0x2
                0x0000000000000003                __subsystem__ = 0x3
                0x0000000000200000                __size_of_stack_reserve__ = 0x200000
                0x0000000000001000                __size_of_stack_commit__ = 0x1000
                0x0000000000100000                __size_of_heap_reserve__ = 0x100000
                0x0000000000001000                __size_of_heap_commit__ = 0x1000
                0x0000000000000000                __loader_flags__ = 0x0
                0x0000000000000160                __dll_characteristics__ = 0x160
LOAD C:/Users/WINDOWS/Downloads/msys64/mingw64/bin/../lib/gcc/x86_64-w64-mingw32/11.2.0/../../../../x86_64-w64-mingw32/lib/../lib/crt2.o
LOAD C:/Users/WINDOWS/Downloads/msys64/mingw64/bin/../lib/gcc/x86_64-w64-mingw32/11.2.0/crtbegin.o
LOAD C:\Users\WINDOWS\AppData\Local\Temp\ccgCgt9q.o
LOAD C:/Users/WINDOWS/Downloads/msys64/mingw64/bin/../lib/gcc/x86_64-w64-mingw32/11.2.0/libstdc++.dll.a
LOAD C:/Users/WINDOWS/Downloads/msys64/mingw64/bin/../lib/gcc/x86_64-w64-mingw32/11.2.0/../../../../x86_64-w64-mingw32/lib/../lib/libmingw32.a
LOAD C:/Users/WINDOWS/Downloads/msys64/mingw64/bin/../lib/gcc/x86_64-w64-mingw32/11.2.0/libgcc_s.a
LOAD C:/Users/WINDOWS/Downloads/msys64/mingw64/bin/../lib/gcc/x86_64-w64-mingw32/11.2.0/libgcc.a
LOAD C:/Users/WINDOWS/Downloads/msys64/mingw64/bin/../lib/gcc/x86_64-w64-mingw32/11.2.0/../../../../x86_64-w64-mingw32/lib/../lib/libmoldname.a
LOAD C:/Users/WINDOWS/Downloads/msys64/mingw64/bin/../lib/gcc/x86_64-w64-mingw32/11.2.0/../../../../x86_64-w64-mingw32/lib/../lib/libmingwex.a
LOAD C:/Users/WINDOWS/Downloads/msys64/mingw64/bin/../lib/gcc/x86_64-w64-mingw32/11.2.0/../../../../x86_64-w64-mingw32/lib/../lib/libmsvcrt.a
LOAD C:/Users/WINDOWS/Downloads/msys64/mingw64/bin/../lib/gcc/x86_64-w64-mingw32/11.2.0/../../../../x86_64-w64-mingw32/lib/../lib/libkernel32.a
LOAD C:/Users/WINDOWS/Downloads/msys64/mingw64/bin/../lib/gcc/x86_64-w64-mingw32/11.2.0/../../../../x86_64-w64-mingw32/lib/../lib/libpthread.dll.a
LOAD C:/Users/WINDOWS/Downloads/msys64/mingw64/bin/../lib/gcc/x86_64-w64-mingw32/11.2.0/../../../../x86_64-w64-mingw32/lib/../lib/libadvapi32.a
LOAD C:/Users/WINDOWS/Downloads/msys64/mingw64/bin/../lib/gcc/x86_64-w64-mingw32/11.2.0/../../../../x86_64-w64-mingw32/lib/../lib/libshell32.a
LOAD C:/Users/WINDOWS/Downloads/msys64/mingw64/bin/../lib/gcc/x86_64-w64-mingw32/11.2.0/../../../../x86_64-w64-mingw32/lib/../lib/libuser32.a
LOAD C:/Users/WINDOWS/Downloads/msys64/mingw64/bin/../lib/gcc/x86_64-w64-mingw32/11.2.0/../../../../x86_64-w64-mingw32/lib/../lib/libkernel32.a
LOAD C:/Users/WINDOWS/Downloads/msys64/mingw64/bin/../lib/gcc/x86_64-w64-mingw32/11.2.0/../../../../x86_64-w64-mingw32/lib/../lib/libmingw32.a
LOAD C:/Users/WINDOWS/Downloads/msys64/mingw64/bin/../lib/gcc/x86_64-w64-mingw32/11.2.0/libgcc_s.a
LOAD C:/Users/WINDOWS/Downloads/msys64/mingw64/bin/../lib/gcc/x86_64-w64-mingw32/11.2.0/libgcc.a
LOAD C:/Users/WINDOWS/Downloads/msys64/mingw64/bin/../lib/gcc/x86_64-w64-mingw32/11.2.0/../../../../x86_64-w64-mingw32/lib/../lib/libmoldname.a
LOAD C:/Users/WINDOWS/Downloads/msys64/mingw64/bin/../lib/gcc/x86_64-w64-mingw32/11.2.0/../../../../x86_64-w64-mingw32/lib/../lib/libmingwex.a
LOAD C:/Users/WINDOWS/Downloads/msys64/mingw64/bin/../lib/gcc/x86_64-w64-mingw32/11.2.0/../../../../x86_64-w64-mingw32/lib/../lib/libmsvcrt.a
LOAD C:/Users/WINDOWS/Downloads/msys64/mingw64/bin/../lib/gcc/x86_64-w64-mingw32/11.2.0/../../../../x86_64-w64-mingw32/lib/../lib/libkernel32.a
LOAD C:/Users/WINDOWS/Downloads/msys64/mingw64/bin/../lib/gcc/x86_64-w64-mingw32/11.2.0/../../../../x86_64-w64-mingw32/lib/../lib/default-manifest.o
LOAD C:/Users/WINDOWS/Downloads/msys64/mingw64/bin/../lib/gcc/x86_64-w64-mingw32/11.2.0/crtend.o
                0x00000000000004a8                . = SIZEOF_HEADERS
                0x0000000000001000                . = ALIGN (__section_alignment__)

.text           0x0000000140001000     0x2400
 *(SORT_NONE(.init))
 *(.text)
 .text          0x0000000140001000      0x510 C:/Users/WINDOWS/Downloads/msys64/mingw64/bin/../lib/gcc/x86_64-w64-mingw32/11.2.0/../../../../x86_64-w64-mingw32/lib/../lib/crt2.o
                0x00000001400014b0                WinMainCRTStartup
                0x00000001400014d0                mainCRTStartup
                0x00000001400014f0                atexit
 .text          0x0000000140001510       0x20 C:/Users/WINDOWS/Downloads/msys64/mingw64/bin/../lib/gcc/x86_64-w64-mingw32/11.2.0/crtbegin.o
                0x0000000140001510                __gcc_register_frame
                0x0000000140001520                __gcc_deregister_frame
 .text          0x0000000140001530      0x7b0 C:\Users\WINDOWS\AppData\Local\Temp\ccgCgt9q.o
                0x0000000140001530                main
 .text          0x0000000140001ce0        0x8 C:/Users/WINDOWS/Downloads/msys64/mingw64/bin/../lib/gcc/x86_64-w64-mingw32/11.2.0/libstdc++.dll.a(d006693.o)
                0x0000000140001ce0                __gxx_personality_seh0
 .text          0x0000000140001ce8        0x8 C:/Users/WINDOWS/Downloads/msys64/mingw64/bin/../lib/gcc/x86_64-w64-mingw32/11.2.0/libstdc++.dll.a(d005637.o)
                0x0000000140001ce8                std::basic_istream<char, std::char_traits<char> >& std::operator>><char, std::char_traits<char>, std::allocator<char> >(std::basic_istream<char, std::char_traits<char> >&, std::__cxx11::basic_string<char, std::char_traits<char>, std::allocator<char> >&)
 .text          0x0000000140001cf0        0x8 C:/Users/WINDOWS/Downloads/msys64/mingw64/bin/../lib/gcc/x86_64-w64-mingw32/11.2.0/libstdc++.dll.a(d005582.o)
                0x0000000140001cf0                std::basic_ostream<char, std::char_traits<char> >& std::operator<< <std::char_traits<char> >(std::basic_ostream<char, std::char_traits<char> >&, char const*)
 .text          0x0000000140001cf8        0x8 C:/Users/WINDOWS/Downloads/msys64/mingw64/bin/../lib/gcc/x86_64-w64-mingw32/11.2.0/libstdc++.dll.a(d005474.o)
                0x0000000140001cf8                std::basic_istream<char, std::char_traits<char> >& std::getline<char, std::char_traits<char>, std::allocator<char> >(std::basic_istream<char, std::char_traits<char> >&, std::__cxx11::basic_string<char, std::char_traits<char>, std::allocator<char> >&)
 .text          0x0000000140001d00        0x8 C:/Users/WINDOWS/Downloads/msys64/mingw64/bin/../lib/gcc/x86_64-w64-mingw32/11.2.0/libstdc++.dll.a(d005463.o)
                0x0000000140001d00                std::basic_ostream<char, std::char_traits<char> >& std::endl<char, std::char_traits<char> >(std::basic_ostream<char, std::char_traits<char> >&)
 .text          0x0000000140001d08        0x0 C:/Users/WINDOWS/Downloads/msys64/mingw64/bin/../lib/gcc/x86_64-w64-mingw32/11.2.0/libstdc++.dll.a(d005462.o)
 .text          0x0000000140001d08        0x0 C:/Users/WINDOWS/Downloads/msys64/mingw64/bin/../lib/gcc/x86_64-w64-mingw32/11.2.0/libstdc++.dll.a(d005459.o)
 .text          0x0000000140001d08        0x8 C:/Users/WINDOWS/Downloads/msys64/mingw64/bin/../lib/gcc/x86_64-w64-mingw32/11.2.0/libstdc++.dll.a(d005450.o)
                0x0000000140001d08                std::__throw_invalid_argument(char const*)
 .text          0x0000000140001d10        0x8 C:/Users/WINDOWS/Downloads/msys64/mingw64/bin/../lib/gcc/x86_64-w64-mingw32/11.2.0/libstdc++.dll.a(d005436.o)
                0x0000000140001d10                std::__throw_out_of_range(char const*)
 .text          0x0000000140001d18        0x8 C:/Users/WINDOWS/Downloads/msys64/mingw64/bin/../lib/gcc/x86_64-w64-mingw32/11.2.0/libstdc++.dll.a(d005165.o)
                0x0000000140001d18                std::ios_base::Init::~Init()
 .text          0x0000000140001d20        0x8 C:/Users/WINDOWS/Downloads/msys64/mingw64/bin/../lib/gcc/x86_64-w64-mingw32/11.2.0/libstdc++.dll.a(d005163.o)
                0x0000000140001d20                std::ios_base::Init::Init()
 .text          0x0000000140001d28        0x8 C:/Users/WINDOWS/Downloads/msys64/mingw64/bin/../lib/gcc/x86_64-w64-mingw32/11.2.0/libstdc++.dll.a(d004874.o)
                0x0000000140001d28                std::__cxx11::basic_stringstream<char, std::char_traits<char>, std::allocator<char> >::~basic_stringstream()
 .text          0x0000000140001d30        0x8 C:/Users/WINDOWS/Downloads/msys64/mingw64/bin/../lib/gcc/x86_64-w64-mingw32/11.2.0/libstdc++.dll.a(d004863.o)
                0x0000000140001d30                std::__cxx11::basic_stringstream<char, std::char_traits<char>, std::allocator<char> >::basic_stringstream(std::__cxx11::basic_string<char, std::char_traits<char>, std::allocator<char> > const&, std::_Ios_Openmode)
 .text          0x0000000140001d38        0x8 C:/Users/WINDOWS/Downloads/msys64/mingw64/bin/../lib/gcc/x86_64-w64-mingw32/11.2.0/libstdc++.dll.a(d004535.o)
                0x0000000140001d38                std::__cxx11::basic_string<char, std::char_traits<char>, std::allocator<char> >::operator+=(char)
 .text          0x0000000140001d40        0x8 C:/Users/WINDOWS/Downloads/msys64/mingw64/bin/../lib/gcc/x86_64-w64-mingw32/11.2.0/libstdc++.dll.a(d004531.o)
                0x0000000140001d40                std::__cxx11::basic_string<char, std::char_traits<char>, std::allocator<char> >::operator[](unsigned long long)
 .text          0x0000000140001d48        0x8 C:/Users/WINDOWS/Downloads/msys64/mingw64/bin/../lib/gcc/x86_64-w64-mingw32/11.2.0/libstdc++.dll.a(d004527.o)
                0x0000000140001d48                std::__cxx11::basic_string<char, std::char_traits<char>, std::allocator<char> >::operator=(char const*)
 .text          0x0000000140001d50        0x8 C:/Users/WINDOWS/Downloads/msys64/mingw64/bin/../lib/gcc/x86_64-w64-mingw32/11.2.0/libstdc++.dll.a(d004524.o)
                0x0000000140001d50                std::__cxx11::basic_string<char, std::char_traits<char>, std::allocator<char> >::~basic_string()
 .text          0x0000000140001d58        0x8 C:/Users/WINDOWS/Downloads/msys64/mingw64/bin/../lib/gcc/x86_64-w64-mingw32/11.2.0/libstdc++.dll.a(d004502.o)
                0x0000000140001d58                std::__cxx11::basic_string<char, std::char_traits<char>, std::allocator<char> >::basic_string()
 .text          0x0000000140001d60        0x8 C:/Users/WINDOWS/Downloads/msys64/mingw64/bin/../lib/gcc/x86_64-w64-mingw32/11.2.0/libstdc++.dll.a(d001905.o)
                0x0000000140001d60                std::ostream::operator<<(int)
 .text          0x0000000140001d68        0x8 C:/Users/WINDOWS/Downloads/msys64/mingw64/bin/../lib/gcc/x86_64-w64-mingw32/11.2.0/libstdc++.dll.a(d001896.o)
                0x0000000140001d68                std::ostream::operator<<(std::ostream& (*)(std::ostream&))
 .text          0x0000000140001d70        0x8 C:/Users/WINDOWS/Downloads/msys64/mingw64/bin/../lib/gcc/x86_64-w64-mingw32/11.2.0/libstdc++.dll.a(d001855.o)
                0x0000000140001d70                std::istream::operator>>(int&)
 .text          0x0000000140001d78        0x8 C:/Users/WINDOWS/Downloads/msys64/mingw64/bin/../lib/gcc/x86_64-w64-mingw32/11.2.0/libstdc++.dll.a(d001827.o)
                0x0000000140001d78                std::istream::ignore()
 .text          0x0000000140001d80        0x8 C:/Users/WINDOWS/Downloads/msys64/mingw64/bin/../lib/gcc/x86_64-w64-mingw32/11.2.0/libstdc++.dll.a(d001086.o)
                0x0000000140001d80                std::__cxx11::basic_string<char, std::char_traits<char>, std::allocator<char> >::compare(char const*) const
 .text          0x0000000140001d88        0x8 C:/Users/WINDOWS/Downloads/msys64/mingw64/bin/../lib/gcc/x86_64-w64-mingw32/11.2.0/libstdc++.dll.a(d001073.o)
                0x0000000140001d88                std::__cxx11::basic_string<char, std::char_traits<char>, std::allocator<char> >::c_str() const
 .text          0x0000000140001d90        0x8 C:/Users/WINDOWS/Downloads/msys64/mingw64/bin/../lib/gcc/x86_64-w64-mingw32/11.2.0/libstdc++.dll.a(d001071.o)
                0x0000000140001d90                std::__cxx11::basic_string<char, std::char_traits<char>, std::allocator<char> >::size() const
 *fill*         0x0000000140001d98        0x8 
 .text          0x0000000140001da0       0xd0 C:/Users/WINDOWS/Downloads/msys64/mingw64/bin/../lib/gcc/x86_64-w64-mingw32/11.2.0/../../../../x86_64-w64-mingw32/lib/../lib/libmingw32.a(lib64_libmingw32_a-gccmain.o)
                0x0000000140001da0                __do_global_dtors
                0x0000000140001de0                __do_global_ctors
                0x0000000140001e50                __main
 .text          0x0000000140001e70        0x0 C:/Users/WINDOWS/Downloads/msys64/mingw64/bin/../lib/gcc/x86_64-w64-mingw32/11.2.0/../../../../x86_64-w64-mingw32/lib/../lib/libmingw32.a(lib64_libmingw32_a-natstart.o)
 .text          0x0000000140001e70        0x0 C:/Users/WINDOWS/Downloads/msys64/mingw64/bin/../lib/gcc/x86_64-w64-mingw32/11.2.0/../../../../x86_64-w64-mingw32/lib/../lib/libmingw32.a(lib64_libmingw32_a-wildcard.o)
 .text          0x0000000140001e70       0x10 C:/Users/WINDOWS/Downloads/msys64/mingw64/bin/../lib/gcc/x86_64-w64-mingw32/11.2.0/../../../../x86_64-w64-mingw32/lib/../lib/libmingw32.a(lib64_libmingw32_a-dllargv.o)
                0x0000000140001e70                _setargv
 .text          0x0000000140001e80        0x0 C:/Users/WINDOWS/Downloads/msys64/mingw64/bin/../lib/gcc/x86_64-w64-mingw32/11.2.0/../../../../x86_64-w64-mingw32/lib/../lib/libmingw32.a(lib64_libmingw32_a-_newmode.o)
 .text          0x0000000140001e80       0xd0 C:/Users/WINDOWS/Downloads/msys64/mingw64/bin/../lib/gcc/x86_64-w64-mingw32/11.2.0/../../../../x86_64-w64-mingw32/lib/../lib/libmingw32.a(lib64_libmingw32_a-tlssup.o)
                0x0000000140001eb0                __dyn_tls_init
                0x0000000140001f40                __tlregdtor
 .text          0x0000000140001f50        0x0 C:/Users/WINDOWS/Downloads/msys64/mingw64/bin/../lib/gcc/x86_64-w64-mingw32/11.2.0/../../../../x86_64-w64-mingw32/lib/../lib/libmingw32.a(lib64_libmingw32_a-xncommod.o)
 .text          0x0000000140001f50        0x0 C:/Users/WINDOWS/Downloads/msys64/mingw64/bin/../lib/gcc/x86_64-w64-mingw32/11.2.0/../../../../x86_64-w64-mingw32/lib/../lib/libmingw32.a(lib64_libmingw32_a-cinitexe.o)
 .text          0x0000000140001f50      0x100 C:/Users/WINDOWS/Downloads/msys64/mingw64/bin/../lib/gcc/x86_64-w64-mingw32/11.2.0/../../../../x86_64-w64-mingw32/lib/../lib/libmingw32.a(lib64_libmingw32_a-merr.o)
                0x0000000140001f50                _matherr
 .text          0x0000000140002050       0x10 C:/Users/WINDOWS/Downloads/msys64/mingw64/bin/../lib/gcc/x86_64-w64-mingw32/11.2.0/../../../../x86_64-w64-mingw32/lib/../lib/libmingw32.a(lib64_libmingw32_a-CRT_fp10.o)
                0x0000000140002050                fpreset
                0x0000000140002050                _fpreset
 .text          0x0000000140002060        0x0 C:/Users/WINDOWS/Downloads/msys64/mingw64/bin/../lib/gcc/x86_64-w64-mingw32/11.2.0/../../../../x86_64-w64-mingw32/lib/../lib/libmingw32.a(lib64_libmingw32_a-mingw_helpers.o)
 .text          0x0000000140002060      0x520 C:/Users/WINDOWS/Downloads/msys64/mingw64/bin/../lib/gcc/x86_64-w64-mingw32/11.2.0/../../../../x86_64-w64-mingw32/lib/../lib/libmingw32.a(lib64_libmingw32_a-pseudo-reloc.o)
                0x0000000140002240                _pei386_runtime_relocator
 .text          0x0000000140002580       0x60 C:/Users/WINDOWS/Downloads/msys64/mingw64/bin/../lib/gcc/x86_64-w64-mingw32/11.2.0/../../../../x86_64-w64-mingw32/lib/../lib/libmingw32.a(lib64_libmingw32_a-usermatherr.o)
                0x0000000140002580                __mingw_raise_matherr
                0x00000001400025d0                __mingw_setusermatherr
 .text          0x00000001400025e0        0x0 C:/Users/WINDOWS/Downloads/msys64/mingw64/bin/../lib/gcc/x86_64-w64-mingw32/11.2.0/../../../../x86_64-w64-mingw32/lib/../lib/libmingw32.a(lib64_libmingw32_a-xtxtmode.o)
 .text          0x00000001400025e0      0x1c0 C:/Users/WINDOWS/Downloads/msys64/mingw64/bin/../lib/gcc/x86_64-w64-mingw32/11.2.0/../../../../x86_64-w64-mingw32/lib/../lib/libmingw32.a(lib64_libmingw32_a-crt_handler.o)
                0x00000001400025e0                _gnu_exception_handler
 .text          0x00000001400027a0      0x290 C:/Users/WINDOWS/Downloads/msys64/mingw64/bin/../lib/gcc/x86_64-w64-mingw32/11.2.0/../../../../x86_64-w64-mingw32/lib/../lib/libmingw32.a(lib64_libmingw32_a-tlsthrd.o)
                0x0000000140002820                ___w64_mingwthr_add_key_dtor
                0x00000001400028b0                ___w64_mingwthr_remove_key_dtor
                0x0000000140002940                __mingw_TLScallback
 .text          0x0000000140002a30        0x0 C:/Users/WINDOWS/Downloads/msys64/mingw64/bin/../lib/gcc/x86_64-w64-mingw32/11.2.0/../../../../x86_64-w64-mingw32/lib/../lib/libmingw32.a(lib64_libmingw32_a-tlsmcrt.o)
 .text          0x0000000140002a30        0x0 C:/Users/WINDOWS/Downloads/msys64/mingw64/bin/../lib/gcc/x86_64-w64-mingw32/11.2.0/../../../../x86_64-w64-mingw32/lib/../lib/libmingw32.a(lib64_libmingw32_a-pseudo-reloc-list.o)
 .text          0x0000000140002a30      0x3e0 C:/Users/WINDOWS/Downloads/msys64/mingw64/bin/../lib/gcc/x86_64-w64-mingw32/11.2.0/../../../../x86_64-w64-mingw32/lib/../lib/libmingw32.a(lib64_libmingw32_a-pesect.o)
                0x0000000140002a30                _ValidateImageBase
                0x0000000140002a60                _FindPESection
                0x0000000140002ab0                _FindPESectionByName
                0x0000000140002b50                __mingw_GetSectionForAddress
                0x0000000140002bd0                __mingw_GetSectionCount
                0x0000000140002c10                _FindPESectionExec
                0x0000000140002c80                _GetPEImageBase
                0x0000000140002cc0                _IsNonwritableInCurrentImage
                0x0000000140002d50                __mingw_enum_import_library_names
 .text          0x0000000140002e10        0x8 C:/Users/WINDOWS/Downloads/msys64/mingw64/bin/../lib/gcc/x86_64-w64-mingw32/11.2.0/libgcc_s.a(d000015.o)
                0x0000000140002e10                _Unwind_Resume
 *fill*         0x0000000140002e18        0x8 
 .text          0x0000000140002e20       0x40 C:/Users/WINDOWS/Downloads/msys64/mingw64/bin/../lib/gcc/x86_64-w64-mingw32/11.2.0/libgcc.a(_chkstk_ms.o)
                0x0000000140002e20                ___chkstk_ms
 .text          0x0000000140002e60        0x0 C:/Users/WINDOWS/Downloads/msys64/mingw64/bin/../lib/gcc/x86_64-w64-mingw32/11.2.0/libgcc.a(_ctors.o)
 .text          0x0000000140002e60        0x0 C:/Users/WINDOWS/Downloads/msys64/mingw64/bin/../lib/gcc/x86_64-w64-mingw32/11.2.0/../../../../x86_64-w64-mingw32/lib/../lib/libmingwex.a(lib64_libmingwex_a-mingw_matherr.o)
 .text          0x0000000140002e60       0x10 C:/Users/WINDOWS/Downloads/msys64/mingw64/bin/../lib/gcc/x86_64-w64-mingw32/11.2.0/../../../../x86_64-w64-mingw32/lib/../lib/libmsvcrt.a(lib64_libmsvcrt_extra_a-__p__fmode.o)
                0x0000000140002e60                __p__fmode
 .text          0x0000000140002e70       0x10 C:/Users/WINDOWS/Downloads/msys64/mingw64/bin/../lib/gcc/x86_64-w64-mingw32/11.2.0/../../../../x86_64-w64-mingw32/lib/../lib/libmsvcrt.a(lib64_libmsvcrt_extra_a-__p__commode.o)
                0x0000000140002e70                __p__commode
 .text          0x0000000140002e80       0x10 C:/Users/WINDOWS/Downloads/msys64/mingw64/bin/../lib/gcc/x86_64-w64-mingw32/11.2.0/../../../../x86_64-w64-mingw32/lib/../lib/libmsvcrt.a(lib64_libmsvcrt_extra_a-__p__acmdln.o)
                0x0000000140002e80                __p__acmdln
 .text          0x0000000140002e90       0x20 C:/Users/WINDOWS/Downloads/msys64/mingw64/bin/../lib/gcc/x86_64-w64-mingw32/11.2.0/../../../../x86_64-w64-mingw32/lib/../lib/libmsvcrt.a(lib64_libmsvcrt_extra_a-invalid_parameter_handler.o)
                0x0000000140002e90                _get_invalid_parameter_handler
                0x0000000140002ea0                _set_invalid_parameter_handler
 .text          0x0000000140002eb0       0x20 C:/Users/WINDOWS/Downloads/msys64/mingw64/bin/../lib/gcc/x86_64-w64-mingw32/11.2.0/../../../../x86_64-w64-mingw32/lib/../lib/libmsvcrt.a(lib64_libmsvcrt_common_a-acrt_iob_func.o)
                0x0000000140002eb0                __acrt_iob_func
 .text          0x0000000140002ed0        0x8 C:/Users/WINDOWS/Downloads/msys64/mingw64/bin/../lib/gcc/x86_64-w64-mingw32/11.2.0/../../../../x86_64-w64-mingw32/lib/../lib/libmsvcrt.a(libmsvcrt_defs00055.o)
                0x0000000140002ed0                __C_specific_handler
 .text          0x0000000140002ed8        0x8 C:/Users/WINDOWS/Downloads/msys64/mingw64/bin/../lib/gcc/x86_64-w64-mingw32/11.2.0/../../../../x86_64-w64-mingw32/lib/../lib/libmsvcrt.a(libmsvcrt_defs00081.o)
                0x0000000140002ed8                __getmainargs
 .text          0x0000000140002ee0        0x0 C:/Users/WINDOWS/Downloads/msys64/mingw64/bin/../lib/gcc/x86_64-w64-mingw32/11.2.0/../../../../x86_64-w64-mingw32/lib/../lib/libmsvcrt.a(libmsvcrt_defs00082.o)
 .text          0x0000000140002ee0        0x8 C:/Users/WINDOWS/Downloads/msys64/mingw64/bin/../lib/gcc/x86_64-w64-mingw32/11.2.0/../../../../x86_64-w64-mingw32/lib/../lib/libmsvcrt.a(libmsvcrt_defs00083.o)
                0x0000000140002ee0                __iob_func
 .text          0x0000000140002ee8        0x8 C:/Users/WINDOWS/Downloads/msys64/mingw64/bin/../lib/gcc/x86_64-w64-mingw32/11.2.0/../../../../x86_64-w64-mingw32/lib/../lib/libmsvcrt.a(libmsvcrt_defs00097.o)
                0x0000000140002ee8                __set_app_type
 .text          0x0000000140002ef0        0x8 C:/Users/WINDOWS/Downloads/msys64/mingw64/bin/../lib/gcc/x86_64-w64-mingw32/11.2.0/../../../../x86_64-w64-mingw32/lib/../lib/libmsvcrt.a(libmsvcrt_defs00099.o)
                0x0000000140002ef0                __setusermatherr
 .text          0x0000000140002ef8        0x0 C:/Users/WINDOWS/Downloads/msys64/mingw64/bin/../lib/gcc/x86_64-w64-mingw32/11.2.0/../../../../x86_64-w64-mingw32/lib/../lib/libmsvcrt.a(libmsvcrt_defs00116.o)
 .text          0x0000000140002ef8        0x8 C:/Users/WINDOWS/Downloads/msys64/mingw64/bin/../lib/gcc/x86_64-w64-mingw32/11.2.0/../../../../x86_64-w64-mingw32/lib/../lib/libmsvcrt.a(libmsvcrt_defs00123.o)
                0x0000000140002ef8                _amsg_exit
 .text          0x0000000140002f00        0x8 C:/Users/WINDOWS/Downloads/msys64/mingw64/bin/../lib/gcc/x86_64-w64-mingw32/11.2.0/../../../../x86_64-w64-mingw32/lib/../lib/libmsvcrt.a(libmsvcrt_defs00141.o)
                0x0000000140002f00                _cexit
 .text          0x0000000140002f08        0x0 C:/Users/WINDOWS/Downloads/msys64/mingw64/bin/../lib/gcc/x86_64-w64-mingw32/11.2.0/../../../../x86_64-w64-mingw32/lib/../lib/libmsvcrt.a(libmsvcrt_defs00157.o)
 .text          0x0000000140002f08        0x8 C:/Users/WINDOWS/Downloads/msys64/mingw64/bin/../lib/gcc/x86_64-w64-mingw32/11.2.0/../../../../x86_64-w64-mingw32/lib/../lib/libmsvcrt.a(libmsvcrt_defs00204.o)
                0x0000000140002f08                _errno
 .text          0x0000000140002f10        0x0 C:/Users/WINDOWS/Downloads/msys64/mingw64/bin/../lib/gcc/x86_64-w64-mingw32/11.2.0/../../../../x86_64-w64-mingw32/lib/../lib/libmsvcrt.a(libmsvcrt_defs00254.o)
 .text          0x0000000140002f10        0x8 C:/Users/WINDOWS/Downloads/msys64/mingw64/bin/../lib/gcc/x86_64-w64-mingw32/11.2.0/../../../../x86_64-w64-mingw32/lib/../lib/libmsvcrt.a(libmsvcrt_defs00332.o)
                0x0000000140002f10                _initterm
 .text          0x0000000140002f18        0x8 C:/Users/WINDOWS/Downloads/msys64/mingw64/bin/../lib/gcc/x86_64-w64-mingw32/11.2.0/../../../../x86_64-w64-mingw32/lib/../lib/libmsvcrt.a(libmsvcrt_defs00614.o)
                0x0000000140002f18                _onexit
 .text          0x0000000140002f20        0x8 C:/Users/WINDOWS/Downloads/msys64/mingw64/bin/../lib/gcc/x86_64-w64-mingw32/11.2.0/../../../../x86_64-w64-mingw32/lib/../lib/libmsvcrt.a(libmsvcrt_defs01038.o)
                0x0000000140002f20                abort
 .text          0x0000000140002f28        0x8 C:/Users/WINDOWS/Downloads/msys64/mingw64/bin/../lib/gcc/x86_64-w64-mingw32/11.2.0/../../../../x86_64-w64-mingw32/lib/../lib/libmsvcrt.a(libmsvcrt_defs01056.o)
                0x0000000140002f28                calloc
 .text          0x0000000140002f30        0x8 C:/Users/WINDOWS/Downloads/msys64/mingw64/bin/../lib/gcc/x86_64-w64-mingw32/11.2.0/../../../../x86_64-w64-mingw32/lib/../lib/libmsvcrt.a(libmsvcrt_defs01069.o)
                0x0000000140002f30                exit
 .text          0x0000000140002f38        0x8 C:/Users/WINDOWS/Downloads/msys64/mingw64/bin/../lib/gcc/x86_64-w64-mingw32/11.2.0/../../../../x86_64-w64-mingw32/lib/../lib/libmsvcrt.a(libmsvcrt_defs01090.o)
                0x0000000140002f38                fprintf
 .text          0x0000000140002f40        0x8 C:/Users/WINDOWS/Downloads/msys64/mingw64/bin/../lib/gcc/x86_64-w64-mingw32/11.2.0/../../../../x86_64-w64-mingw32/lib/../lib/libmsvcrt.a(libmsvcrt_defs01097.o)
                0x0000000140002f40                free
 .text          0x0000000140002f48        0x8 C:/Users/WINDOWS/Downloads/msys64/mingw64/bin/../lib/gcc/x86_64-w64-mingw32/11.2.0/../../../../x86_64-w64-mingw32/lib/../lib/libmsvcrt.a(libmsvcrt_defs01110.o)
                0x0000000140002f48                fwrite
 .text          0x0000000140002f50        0x8 C:/Users/WINDOWS/Downloads/msys64/mingw64/bin/../lib/gcc/x86_64-w64-mingw32/11.2.0/../../../../x86_64-w64-mingw32/lib/../lib/libmsvcrt.a(libmsvcrt_defs01158.o)
                0x0000000140002f50                malloc
 .text          0x0000000140002f58        0x8 C:/Users/WINDOWS/Downloads/msys64/mingw64/bin/../lib/gcc/x86_64-w64-mingw32/11.2.0/../../../../x86_64-w64-mingw32/lib/../lib/libmsvcrt.a(libmsvcrt_defs01166.o)
                0x0000000140002f58                memcpy
 .text          0x0000000140002f60        0x8 C:/Users/WINDOWS/Downloads/msys64/mingw64/bin/../lib/gcc/x86_64-w64-mingw32/11.2.0/../../../../x86_64-w64-mingw32/lib/../lib/libmsvcrt.a(libmsvcrt_defs01198.o)
                0x0000000140002f60                signal
 .text          0x0000000140002f68        0x8 C:/Users/WINDOWS/Downloads/msys64/mingw64/bin/../lib/gcc/x86_64-w64-mingw32/11.2.0/../../../../x86_64-w64-mingw32/lib/../lib/libmsvcrt.a(libmsvcrt_defs01221.o)
                0x0000000140002f68                strlen
 .text          0x0000000140002f70        0x8 C:/Users/WINDOWS/Downloads/msys64/mingw64/bin/../lib/gcc/x86_64-w64-mingw32/11.2.0/../../../../x86_64-w64-mingw32/lib/../lib/libmsvcrt.a(libmsvcrt_defs01224.o)
                0x0000000140002f70                strncmp
 .text          0x0000000140002f78        0x8 C:/Users/WINDOWS/Downloads/msys64/mingw64/bin/../lib/gcc/x86_64-w64-mingw32/11.2.0/../../../../x86_64-w64-mingw32/lib/../lib/libmsvcrt.a(libmsvcrt_defs01235.o)
                0x0000000140002f78                strtol
 .text          0x0000000140002f80        0x8 C:/Users/WINDOWS/Downloads/msys64/mingw64/bin/../lib/gcc/x86_64-w64-mingw32/11.2.0/../../../../x86_64-w64-mingw32/lib/../lib/libmsvcrt.a(libmsvcrt_defs01259.o)
                0x0000000140002f80                vfprintf
 *fill*         0x0000000140002f88        0x8 
 .text          0x0000000140002f90        0x0 C:/Users/WINDOWS/Downloads/msys64/mingw64/bin/../lib/gcc/x86_64-w64-mingw32/11.2.0/../../../../x86_64-w64-mingw32/lib/../lib/libmsvcrt.a(libmsvcrt_defh.o)
 .text          0x0000000140002f90        0x0 C:/Users/WINDOWS/Downloads/msys64/mingw64/bin/../lib/gcc/x86_64-w64-mingw32/11.2.0/../../../../x86_64-w64-mingw32/lib/../lib/libmsvcrt.a(libmsvcrt_deft.o)
 .text          0x0000000140002f90        0x8 C:/Users/WINDOWS/Downloads/msys64/mingw64/bin/../lib/gcc/x86_64-w64-mingw32/11.2.0/../../../../x86_64-w64-mingw32/lib/../lib/libkernel32.a(libkernel32s01493.o)
                0x0000000140002f90                VirtualQuery
 .text          0x0000000140002f98        0x8 C:/Users/WINDOWS/Downloads/msys64/mingw64/bin/../lib/gcc/x86_64-w64-mingw32/11.2.0/../../../../x86_64-w64-mingw32/lib/../lib/libkernel32.a(libkernel32s01491.o)
                0x0000000140002f98                VirtualProtect
 .text          0x0000000140002fa0        0x8 C:/Users/WINDOWS/Downloads/msys64/mingw64/bin/../lib/gcc/x86_64-w64-mingw32/11.2.0/../../../../x86_64-w64-mingw32/lib/../lib/libkernel32.a(libkernel32s01444.o)
                0x0000000140002fa0                TlsGetValue
 .text          0x0000000140002fa8        0x8 C:/Users/WINDOWS/Downloads/msys64/mingw64/bin/../lib/gcc/x86_64-w64-mingw32/11.2.0/../../../../x86_64-w64-mingw32/lib/../lib/libkernel32.a(libkernel32s01409.o)
                0x0000000140002fa8                Sleep
 .text          0x0000000140002fb0        0x8 C:/Users/WINDOWS/Downloads/msys64/mingw64/bin/../lib/gcc/x86_64-w64-mingw32/11.2.0/../../../../x86_64-w64-mingw32/lib/../lib/libkernel32.a(libkernel32s01393.o)
                0x0000000140002fb0                SetUnhandledExceptionFilter
 .text          0x0000000140002fb8        0x8 C:/Users/WINDOWS/Downloads/msys64/mingw64/bin/../lib/gcc/x86_64-w64-mingw32/11.2.0/../../../../x86_64-w64-mingw32/lib/../lib/libkernel32.a(libkernel32s00983.o)
                0x0000000140002fb8                LeaveCriticalSection
 .text          0x0000000140002fc0        0x8 C:/Users/WINDOWS/Downloads/msys64/mingw64/bin/../lib/gcc/x86_64-w64-mingw32/11.2.0/../../../../x86_64-w64-mingw32/lib/../lib/libkernel32.a(libkernel32s00891.o)
                0x0000000140002fc0                InitializeCriticalSection
 .text          0x0000000140002fc8        0x8 C:/Users/WINDOWS/Downloads/msys64/mingw64/bin/../lib/gcc/x86_64-w64-mingw32/11.2.0/../../../../x86_64-w64-mingw32/lib/../lib/libkernel32.a(libkernel32s00742.o)
                0x0000000140002fc8                GetStartupInfoA
 .text          0x0000000140002fd0        0x8 C:/Users/WINDOWS/Downloads/msys64/mingw64/bin/../lib/gcc/x86_64-w64-mingw32/11.2.0/../../../../x86_64-w64-mingw32/lib/../lib/libkernel32.a(libkernel32s00629.o)
                0x0000000140002fd0                GetLastError
 .text          0x0000000140002fd8        0x8 C:/Users/WINDOWS/Downloads/msys64/mingw64/bin/../lib/gcc/x86_64-w64-mingw32/11.2.0/../../../../x86_64-w64-mingw32/lib/../lib/libkernel32.a(libkernel32s00318.o)
                0x0000000140002fd8                EnterCriticalSection
 .text          0x0000000140002fe0        0x8 C:/Users/WINDOWS/Downloads/msys64/mingw64/bin/../lib/gcc/x86_64-w64-mingw32/11.2.0/../../../../x86_64-w64-mingw32/lib/../lib/libkernel32.a(libkernel32s00282.o)
                0x0000000140002fe0                DeleteCriticalSection
 *fill*         0x0000000140002fe8        0x8 
 .text          0x0000000140002ff0        0x0 C:/Users/WINDOWS/Downloads/msys64/mingw64/bin/../lib/gcc/x86_64-w64-mingw32/11.2.0/../../../../x86_64-w64-mingw32/lib/../lib/libkernel32.a(libkernel32h.o)
 .text          0x0000000140002ff0        0x0 C:/Users/WINDOWS/Downloads/msys64/mingw64/bin/../lib/gcc/x86_64-w64-mingw32/11.2.0/../../../../x86_64-w64-mingw32/lib/../lib/libkernel32.a(libkernel32t.o)
 .text          0x0000000140002ff0        0x0 C:/Users/WINDOWS/Downloads/msys64/mingw64/bin/../lib/gcc/x86_64-w64-mingw32/11.2.0/crtend.o
 *(SORT_BY_NAME(.text$*))
 .text$_ZN9__gnu_cxx6__stoaIlicJiEEET0_PFT_PKT1_PPS3_DpT2_EPKcS5_PyS9_
                0x0000000140002ff0       0xf0 C:\Users\WINDOWS\AppData\Local\Temp\ccgCgt9q.o
                0x0000000140002ff0                int __gnu_cxx::__stoa<long, int, char, int>(long (*)(char const*, char**, int), char const*, char const*, unsigned long long*, int)
 .text$_ZNSt7__cxx114stoiERKNS_12basic_stringIcSt11char_traitsIcESaIcEEEPyi
                0x00000001400030e0       0x50 C:\Users\WINDOWS\AppData\Local\Temp\ccgCgt9q.o
                0x00000001400030e0                std::__cxx11::stoi(std::__cxx11::basic_string<char, std::char_traits<char>, std::allocator<char> > const&, unsigned long long*, int)
 .text$_ZSteqIcSt11char_traitsIcESaIcEEbRKNSt7__cxx1112basic_stringIT_T0_T1_EEPKS5_
                0x0000000140003130       0x30 C:\Users\WINDOWS\AppData\Local\Temp\ccgCgt9q.o
                0x0000000140003130                bool std::operator==<char, std::char_traits<char>, std::allocator<char> >(std::__cxx11::basic_string<char, std::char_traits<char>, std::allocator<char> > const&, char const*)
 .text$_ZStorSt13_Ios_OpenmodeS_
                0x0000000140003160       0x20 C:\Users\WINDOWS\AppData\Local\Temp\ccgCgt9q.o
                0x0000000140003160                std::operator|(std::_Ios_Openmode, std::_Ios_Openmode)
 .text$_ZZN9__gnu_cxx6__stoaIlicJiEEET0_PFT_PKT1_PPS3_DpT2_EPKcS5_PyS9_EN10_Range_chk6_S_chkElSt17integral_constantIbLb1EE
                0x0000000140003180       0x10 C:\Users\WINDOWS\AppData\Local\Temp\ccgCgt9q.o
                0x0000000140003180                __gnu_cxx::__stoa<long, int, char, int>(long (*)(char const*, char**, int), char const*, char const*, unsigned long long*, int)::_Range_chk::_S_chk(long, std::integral_constant<bool, true>)
 .text$_ZZN9__gnu_cxx6__stoaIlicJiEEET0_PFT_PKT1_PPS3_DpT2_EPKcS5_PyS9_EN11_Save_errnoC1Ev
                0x0000000140003190       0x40 C:\Users\WINDOWS\AppData\Local\Temp\ccgCgt9q.o
                0x0000000140003190                __gnu_cxx::__stoa<long, int, char, int>(long (*)(char const*, char**, int), char const*, char const*, unsigned long long*, int)::_Save_errno::_Save_errno()
 .text$_ZZN9__gnu_cxx6__stoaIlicJiEEET0_PFT_PKT1_PPS3_DpT2_EPKcS5_PyS9_EN11_Save_errnoD1Ev
                0x00000001400031d0       0x40 C:\Users\WINDOWS\AppData\Local\Temp\ccgCgt9q.o
                0x00000001400031d0                __gnu_cxx::__stoa<long, int, char, int>(long (*)(char const*, char**, int), char const*, char const*, unsigned long long*, int)::_Save_errno::~_Save_errno()
 *(.text.*)
 .text.startup  0x0000000140003210       0x10 C:/Users/WINDOWS/Downloads/msys64/mingw64/bin/../lib/gcc/x86_64-w64-mingw32/11.2.0/crtend.o
 *(.gnu.linkonce.t.*)
 *(.glue_7t)
 *(.glue_7)
                0x0000000140003220                . = ALIGN (0x8)
                0x0000000140003220                ___CTOR_LIST__ = .
                0x0000000140003220                __CTOR_LIST__ = .
                0x0000000140003220        0x4 LONG 0xffffffffffffffff
                0x0000000140003224        0x4 LONG 0xffffffffffffffff
 *(.ctors)
 .ctors         0x0000000140003228        0x8 C:\Users\WINDOWS\AppData\Local\Temp\ccgCgt9q.o
 *(.ctor)
 *(SORT_BY_NAME(.ctors.*))
 .ctors.65535   0x0000000140003230        0x8 C:/Users/WINDOWS/Downloads/msys64/mingw64/bin/../lib/gcc/x86_64-w64-mingw32/11.2.0/crtend.o
                0x0000000140003238        0x4 LONG 0x0
                0x000000014000323c        0x4 LONG 0x0
                0x0000000140003240                ___DTOR_LIST__ = .
                0x0000000140003240                __DTOR_LIST__ = .
                0x0000000140003240        0x4 LONG 0xffffffffffffffff
                0x0000000140003244        0x4 LONG 0xffffffffffffffff
 *(.dtors)
 *(.dtor)
 *(SORT_BY_NAME(.dtors.*))
                0x0000000140003248        0x4 LONG 0x0
                0x000000014000324c        0x4 LONG 0x0
 *(SORT_NONE(.fini))
 *(.gcc_exc)
                [!provide]                        PROVIDE (etext = .)
 *(.gcc_except_table)

.data           0x0000000140004000      0x200
                0x0000000140004000                __data_start__ = .
 *(.data)
 .data          0x0000000140004000       0x10 C:/Users/WINDOWS/Downloads/msys64/mingw64/bin/../lib/gcc/x86_64-w64-mingw32/11.2.0/../../../../x86_64-w64-mingw32/lib/../lib/crt2.o
                0x0000000140004000                __mingw_winmain_nShowCmd
 .data          0x0000000140004010        0x0 C:/Users/WINDOWS/Downloads/msys64/mingw64/bin/../lib/gcc/x86_64-w64-mingw32/11.2.0/crtbegin.o
 .data          0x0000000140004010        0x0 C:\Users\WINDOWS\AppData\Local\Temp\ccgCgt9q.o
 .data          0x0000000140004010       0x10 C:/Users/WINDOWS/Downloads/msys64/mingw64/bin/../lib/gcc/x86_64-w64-mingw32/11.2.0/../../../../x86_64-w64-mingw32/lib/../lib/libmingw32.a(lib64_libmingw32_a-gccmain.o)
 .data          0x0000000140004020       0x10 C:/Users/WINDOWS/Downloads/msys64/mingw64/bin/../lib/gcc/x86_64-w64-mingw32/11.2.0/../../../../x86_64-w64-mingw32/lib/../lib/libmingw32.a(lib64_libmingw32_a-natstart.o)
                0x0000000140004020                __native_vcclrit_reason
                0x0000000140004024                __native_dllmain_reason
 .data          0x0000000140004030       0x10 C:/Users/WINDOWS/Downloads/msys64/mingw64/bin/../lib/gcc/x86_64-w64-mingw32/11.2.0/../../../../x86_64-w64-mingw32/lib/../lib/libmingw32.a(lib64_libmingw32_a-wildcard.o)
                0x0000000140004030                _dowildcard
 .data          0x0000000140004040        0x0 C:/Users/WINDOWS/Downloads/msys64/mingw64/bin/../lib/gcc/x86_64-w64-mingw32/11.2.0/../../../../x86_64-w64-mingw32/lib/../lib/libmingw32.a(lib64_libmingw32_a-dllargv.o)
 .data          0x0000000140004040        0x0 C:/Users/WINDOWS/Downloads/msys64/mingw64/bin/../lib/gcc/x86_64-w64-mingw32/11.2.0/../../../../x86_64-w64-mingw32/lib/../lib/libmingw32.a(lib64_libmingw32_a-_newmode.o)
 .data          0x0000000140004040        0x0 C:/Users/WINDOWS/Downloads/msys64/mingw64/bin/../lib/gcc/x86_64-w64-mingw32/11.2.0/../../../../x86_64-w64-mingw32/lib/../lib/libmingw32.a(lib64_libmingw32_a-tlssup.o)
 .data          0x0000000140004040        0x0 C:/Users/WINDOWS/Downloads/msys64/mingw64/bin/../lib/gcc/x86_64-w64-mingw32/11.2.0/../../../../x86_64-w64-mingw32/lib/../lib/libmingw32.a(lib64_libmingw32_a-xncommod.o)
 .data          0x0000000140004040        0x0 C:/Users/WINDOWS/Downloads/msys64/mingw64/bin/../lib/gcc/x86_64-w64-mingw32/11.2.0/../../../../x86_64-w64-mingw32/lib/../lib/libmingw32.a(lib64_libmingw32_a-cinitexe.o)
 .data          0x0000000140004040        0x0 C:/Users/WINDOWS/Downloads/msys64/mingw64/bin/../lib/gcc/x86_64-w64-mingw32/11.2.0/../../../../x86_64-w64-mingw32/lib/../lib/libmingw32.a(lib64_libmingw32_a-merr.o)
 .data          0x0000000140004040        0x0 C:/Users/WINDOWS/Downloads/msys64/mingw64/bin/../lib/gcc/x86_64-w64-mingw32/11.2.0/../../../../x86_64-w64-mingw32/lib/../lib/libmingw32.a(lib64_libmingw32_a-CRT_fp10.o)
 .data          0x0000000140004040        0x0 C:/Users/WINDOWS/Downloads/msys64/mingw64/bin/../lib/gcc/x86_64-w64-mingw32/11.2.0/../../../../x86_64-w64-mingw32/lib/../lib/libmingw32.a(lib64_libmingw32_a-mingw_helpers.o)
 .data          0x0000000140004040        0x0 C:/Users/WINDOWS/Downloads/msys64/mingw64/bin/../lib/gcc/x86_64-w64-mingw32/11.2.0/../../../../x86_64-w64-mingw32/lib/../lib/libmingw32.a(lib64_libmingw32_a-pseudo-reloc.o)
 .data          0x0000000140004040        0x0 C:/Users/WINDOWS/Downloads/msys64/mingw64/bin/../lib/gcc/x86_64-w64-mingw32/11.2.0/../../../../x86_64-w64-mingw32/lib/../lib/libmingw32.a(lib64_libmingw32_a-usermatherr.o)
 .data          0x0000000140004040        0x0 C:/Users/WINDOWS/Downloads/msys64/mingw64/bin/../lib/gcc/x86_64-w64-mingw32/11.2.0/../../../../x86_64-w64-mingw32/lib/../lib/libmingw32.a(lib64_libmingw32_a-xtxtmode.o)
 .data          0x0000000140004040        0x0 C:/Users/WINDOWS/Downloads/msys64/mingw64/bin/../lib/gcc/x86_64-w64-mingw32/11.2.0/../../../../x86_64-w64-mingw32/lib/../lib/libmingw32.a(lib64_libmingw32_a-crt_handler.o)
 .data          0x0000000140004040        0x0 C:/Users/WINDOWS/Downloads/msys64/mingw64/bin/../lib/gcc/x86_64-w64-mingw32/11.2.0/../../../../x86_64-w64-mingw32/lib/../lib/libmingw32.a(lib64_libmingw32_a-tlsthrd.o)
 .data          0x0000000140004040       0x10 C:/Users/WINDOWS/Downloads/msys64/mingw64/bin/../lib/gcc/x86_64-w64-mingw32/11.2.0/../../../../x86_64-w64-mingw32/lib/../lib/libmingw32.a(lib64_libmingw32_a-tlsmcrt.o)
                0x0000000140004040                _CRT_MT
 .data          0x0000000140004050        0x0 C:/Users/WINDOWS/Downloads/msys64/mingw64/bin/../lib/gcc/x86_64-w64-mingw32/11.2.0/../../../../x86_64-w64-mingw32/lib/../lib/libmingw32.a(lib64_libmingw32_a-pseudo-reloc-list.o)
 .data          0x0000000140004050        0x0 C:/Users/WINDOWS/Downloads/msys64/mingw64/bin/../lib/gcc/x86_64-w64-mingw32/11.2.0/../../../../x86_64-w64-mingw32/lib/../lib/libmingw32.a(lib64_libmingw32_a-pesect.o)
 .data          0x0000000140004050        0x0 C:/Users/WINDOWS/Downloads/msys64/mingw64/bin/../lib/gcc/x86_64-w64-mingw32/11.2.0/libgcc.a(_chkstk_ms.o)
 .data          0x0000000140004050        0x0 C:/Users/WINDOWS/Downloads/msys64/mingw64/bin/../lib/gcc/x86_64-w64-mingw32/11.2.0/libgcc.a(_ctors.o)
 .data          0x0000000140004050       0x10 C:/Users/WINDOWS/Downloads/msys64/mingw64/bin/../lib/gcc/x86_64-w64-mingw32/11.2.0/../../../../x86_64-w64-mingw32/lib/../lib/libmingwex.a(lib64_libmingwex_a-mingw_matherr.o)
                0x0000000140004050                _MINGW_INSTALL_DEBUG_MATHERR
 .data          0x0000000140004060       0x10 C:/Users/WINDOWS/Downloads/msys64/mingw64/bin/../lib/gcc/x86_64-w64-mingw32/11.2.0/../../../../x86_64-w64-mingw32/lib/../lib/libmsvcrt.a(lib64_libmsvcrt_extra_a-__p__fmode.o)
                0x0000000140004060                __imp___p__fmode
 .data          0x0000000140004070       0x10 C:/Users/WINDOWS/Downloads/msys64/mingw64/bin/../lib/gcc/x86_64-w64-mingw32/11.2.0/../../../../x86_64-w64-mingw32/lib/../lib/libmsvcrt.a(lib64_libmsvcrt_extra_a-__p__commode.o)
                0x0000000140004070                __imp___p__commode
 .data          0x0000000140004080       0x10 C:/Users/WINDOWS/Downloads/msys64/mingw64/bin/../lib/gcc/x86_64-w64-mingw32/11.2.0/../../../../x86_64-w64-mingw32/lib/../lib/libmsvcrt.a(lib64_libmsvcrt_extra_a-__p__acmdln.o)
                0x0000000140004080                __imp___p__acmdln
 .data          0x0000000140004090       0x10 C:/Users/WINDOWS/Downloads/msys64/mingw64/bin/../lib/gcc/x86_64-w64-mingw32/11.2.0/../../../../x86_64-w64-mingw32/lib/../lib/libmsvcrt.a(lib64_libmsvcrt_extra_a-invalid_parameter_handler.o)
                0x0000000140004090                __imp__get_invalid_parameter_handler
                0x0000000140004098                __imp__set_invalid_parameter_handler
 .data          0x00000001400040a0       0x10 C:/Users/WINDOWS/Downloads/msys64/mingw64/bin/../lib/gcc/x86_64-w64-mingw32/11.2.0/../../../../x86_64-w64-mingw32/lib/../lib/libmsvcrt.a(lib64_libmsvcrt_common_a-acrt_iob_func.o)
                0x00000001400040a0                __imp___acrt_iob_func
 .data          0x00000001400040b0        0x0 C:/Users/WINDOWS/Downloads/msys64/mingw64/bin/../lib/gcc/x86_64-w64-mingw32/11.2.0/../../../../x86_64-w64-mingw32/lib/../lib/libmsvcrt.a(libmsvcrt_defs00055.o)
 .data          0x00000001400040b0        0x0 C:/Users/WINDOWS/Downloads/msys64/mingw64/bin/../lib/gcc/x86_64-w64-mingw32/11.2.0/../../../../x86_64-w64-mingw32/lib/../lib/libmsvcrt.a(libmsvcrt_defs00081.o)
 .data          0x00000001400040b0        0x0 C:/Users/WINDOWS/Downloads/msys64/mingw64/bin/../lib/gcc/x86_64-w64-mingw32/11.2.0/../../../../x86_64-w64-mingw32/lib/../lib/libmsvcrt.a(libmsvcrt_defs00082.o)
 .data          0x00000001400040b0        0x0 C:/Users/WINDOWS/Downloads/msys64/mingw64/bin/../lib/gcc/x86_64-w64-mingw32/11.2.0/../../../../x86_64-w64-mingw32/lib/../lib/libmsvcrt.a(libmsvcrt_defs00083.o)
 .data          0x00000001400040b0        0x0 C:/Users/WINDOWS/Downloads/msys64/mingw64/bin/../lib/gcc/x86_64-w64-mingw32/11.2.0/../../../../x86_64-w64-mingw32/lib/../lib/libmsvcrt.a(libmsvcrt_defs00097.o)
 .data          0x00000001400040b0        0x0 C:/Users/WINDOWS/Downloads/msys64/mingw64/bin/../lib/gcc/x86_64-w64-mingw32/11.2.0/../../../../x86_64-w64-mingw32/lib/../lib/libmsvcrt.a(libmsvcrt_defs00099.o)
 .data          0x00000001400040b0        0x0 C:/Users/WINDOWS/Downloads/msys64/mingw64/bin/../lib/gcc/x86_64-w64-mingw32/11.2.0/../../../../x86_64-w64-mingw32/lib/../lib/libmsvcrt.a(libmsvcrt_defs00116.o)
 .data          0x00000001400040b0        0x0 C:/Users/WINDOWS/Downloads/msys64/mingw64/bin/../lib/gcc/x86_64-w64-mingw32/11.2.0/../../../../x86_64-w64-mingw32/lib/../lib/libmsvcrt.a(libmsvcrt_defs00123.o)
 .data          0x00000001400040b0        0x0 C:/Users/WINDOWS/Downloads/msys64/mingw64/bin/../lib/gcc/x86_64-w64-mingw32/11.2.0/../../../../x86_64-w64-mingw32/lib/../lib/libmsvcrt.a(libmsvcrt_defs00141.o)
 .data          0x00000001400040b0        0x0 C:/Users/WINDOWS/Downloads/msys64/mingw64/bin/../lib/gcc/x86_64-w64-mingw32/11.2.0/../../../../x86_64-w64-mingw32/lib/../lib/libmsvcrt.a(libmsvcrt_defs00157.o)
 .data          0x00000001400040b0        0x0 C:/Users/WINDOWS/Downloads/msys64/mingw64/bin/../lib/gcc/x86_64-w64-mingw32/11.2.0/../../../../x86_64-w64-mingw32/lib/../lib/libmsvcrt.a(libmsvcrt_defs00204.o)
 .data          0x00000001400040b0        0x0 C:/Users/WINDOWS/Downloads/msys64/mingw64/bin/../lib/gcc/x86_64-w64-mingw32/11.2.0/../../../../x86_64-w64-mingw32/lib/../lib/libmsvcrt.a(libmsvcrt_defs00254.o)
 .data          0x00000001400040b0        0x0 C:/Users/WINDOWS/Downloads/msys64/mingw64/bin/../lib/gcc/x86_64-w64-mingw32/11.2.0/../../../../x86_64-w64-mingw32/lib/../lib/libmsvcrt.a(libmsvcrt_defs00332.o)
 .data          0x00000001400040b0        0x0 C:/Users/WINDOWS/Downloads/msys64/mingw64/bin/../lib/gcc/x86_64-w64-mingw32/11.2.0/../../../../x86_64-w64-mingw32/lib/../lib/libmsvcrt.a(libmsvcrt_defs00614.o)
 .data          0x00000001400040b0        0x0 C:/Users/WINDOWS/Downloads/msys64/mingw64/bin/../lib/gcc/x86_64-w64-mingw32/11.2.0/../../../../x86_64-w64-mingw32/lib/../lib/libmsvcrt.a(libmsvcrt_defs01038.o)
 .data          0x00000001400040b0        0x0 C:/Users/WINDOWS/Downloads/msys64/mingw64/bin/../lib/gcc/x86_64-w64-mingw32/11.2.0/../../../../x86_64-w64-mingw32/lib/../lib/libmsvcrt.a(libmsvcrt_defs01056.o)
 .data          0x00000001400040b0        0x0 C:/Users/WINDOWS/Downloads/msys64/mingw64/bin/../lib/gcc/x86_64-w64-mingw32/11.2.0/../../../../x86_64-w64-mingw32/lib/../lib/libmsvcrt.a(libmsvcrt_defs01069.o)
 .data          0x00000001400040b0        0x0 C:/Users/WINDOWS/Downloads/msys64/mingw64/bin/../lib/gcc/x86_64-w64-mingw32/11.2.0/../../../../x86_64-w64-mingw32/lib/../lib/libmsvcrt.a(libmsvcrt_defs01090.o)
 .data          0x00000001400040b0        0x0 C:/Users/WINDOWS/Downloads/msys64/mingw64/bin/../lib/gcc/x86_64-w64-mingw32/11.2.0/../../../../x86_64-w64-mingw32/lib/../lib/libmsvcrt.a(libmsvcrt_defs01097.o)
 .data          0x00000001400040b0        0x0 C:/Users/WINDOWS/Downloads/msys64/mingw64/bin/../lib/gcc/x86_64-w64-mingw32/11.2.0/../../../../x86_64-w64-mingw32/lib/../lib/libmsvcrt.a(libmsvcrt_defs01110.o)
 .data          0x00000001400040b0        0x0 C:/Users/WINDOWS/Downloads/msys64/mingw64/bin/../lib/gcc/x86_64-w64-mingw32/11.2.0/../../../../x86_64-w64-mingw32/lib/../lib/libmsvcrt.a(libmsvcrt_defs01158.o)
 .data          0x00000001400040b0        0x0 C:/Users/WINDOWS/Downloads/msys64/mingw64/bin/../lib/gcc/x86_64-w64-mingw32/11.2.0/../../../../x86_64-w64-mingw32/lib/../lib/libmsvcrt.a(libmsvcrt_defs01166.o)
 .data          0x00000001400040b0        0x0 C:/Users/WINDOWS/Downloads/msys64/mingw64/bin/../lib/gcc/x86_64-w64-mingw32/11.2.0/../../../../x86_64-w64-mingw32/lib/../lib/libmsvcrt.a(libmsvcrt_defs01198.o)
 .data          0x00000001400040b0        0x0 C:/Users/WINDOWS/Downloads/msys64/mingw64/bin/../lib/gcc/x86_64-w64-mingw32/11.2.0/../../../../x86_64-w64-mingw32/lib/../lib/libmsvcrt.a(libmsvcrt_defs01221.o)
 .data          0x00000001400040b0        0x0 C:/Users/WINDOWS/Downloads/msys64/mingw64/bin/../lib/gcc/x86_64-w64-mingw32/11.2.0/../../../../x86_64-w64-mingw32/lib/../lib/libmsvcrt.a(libmsvcrt_defs01224.o)
 .data          0x00000001400040b0        0x0 C:/Users/WINDOWS/Downloads/msys64/mingw64/bin/../lib/gcc/x86_64-w64-mingw32/11.2.0/../../../../x86_64-w64-mingw32/lib/../lib/libmsvcrt.a(libmsvcrt_defs01235.o)
 .data          0x00000001400040b0        0x0 C:/Users/WINDOWS/Downloads/msys64/mingw64/bin/../lib/gcc/x86_64-w64-mingw32/11.2.0/../../../../x86_64-w64-mingw32/lib/../lib/libmsvcrt.a(libmsvcrt_defs01259.o)
 .data          0x00000001400040b0        0x0 C:/Users/WINDOWS/Downloads/msys64/mingw64/bin/../lib/gcc/x86_64-w64-mingw32/11.2.0/../../../../x86_64-w64-mingw32/lib/../lib/libmsvcrt.a(libmsvcrt_defh.o)
 .data          0x00000001400040b0        0x0 C:/Users/WINDOWS/Downloads/msys64/mingw64/bin/../lib/gcc/x86_64-w64-mingw32/11.2.0/../../../../x86_64-w64-mingw32/lib/../lib/libmsvcrt.a(libmsvcrt_deft.o)
 .data          0x00000001400040b0        0x0 C:/Users/WINDOWS/Downloads/msys64/mingw64/bin/../lib/gcc/x86_64-w64-mingw32/11.2.0/../../../../x86_64-w64-mingw32/lib/../lib/libkernel32.a(libkernel32s01493.o)
 .data          0x00000001400040b0        0x0 C:/Users/WINDOWS/Downloads/msys64/mingw64/bin/../lib/gcc/x86_64-w64-mingw32/11.2.0/../../../../x86_64-w64-mingw32/lib/../lib/libkernel32.a(libkernel32s01491.o)
 .data          0x00000001400040b0        0x0 C:/Users/WINDOWS/Downloads/msys64/mingw64/bin/../lib/gcc/x86_64-w64-mingw32/11.2.0/../../../../x86_64-w64-mingw32/lib/../lib/libkernel32.a(libkernel32s01444.o)
 .data          0x00000001400040b0        0x0 C:/Users/WINDOWS/Downloads/msys64/mingw64/bin/../lib/gcc/x86_64-w64-mingw32/11.2.0/../../../../x86_64-w64-mingw32/lib/../lib/libkernel32.a(libkernel32s01409.o)
 .data          0x00000001400040b0        0x0 C:/Users/WINDOWS/Downloads/msys64/mingw64/bin/../lib/gcc/x86_64-w64-mingw32/11.2.0/../../../../x86_64-w64-mingw32/lib/../lib/libkernel32.a(libkernel32s01393.o)
 .data          0x00000001400040b0        0x0 C:/Users/WINDOWS/Downloads/msys64/mingw64/bin/../lib/gcc/x86_64-w64-mingw32/11.2.0/../../../../x86_64-w64-mingw32/lib/../lib/libkernel32.a(libkernel32s00983.o)
 .data          0x00000001400040b0        0x0 C:/Users/WINDOWS/Downloads/msys64/mingw64/bin/../lib/gcc/x86_64-w64-mingw32/11.2.0/../../../../x86_64-w64-mingw32/lib/../lib/libkernel32.a(libkernel32s00891.o)
 .data          0x00000001400040b0        0x0 C:/Users/WINDOWS/Downloads/msys64/mingw64/bin/../lib/gcc/x86_64-w64-mingw32/11.2.0/../../../../x86_64-w64-mingw32/lib/../lib/libkernel32.a(libkernel32s00742.o)
 .data          0x00000001400040b0        0x0 C:/Users/WINDOWS/Downloads/msys64/mingw64/bin/../lib/gcc/x86_64-w64-mingw32/11.2.0/../../../../x86_64-w64-mingw32/lib/../lib/libkernel32.a(libkernel32s00629.o)
 .data          0x00000001400040b0        0x0 C:/Users/WINDOWS/Downloads/msys64/mingw64/bin/../lib/gcc/x86_64-w64-mingw32/11.2.0/../../../../x86_64-w64-mingw32/lib/../lib/libkernel32.a(libkernel32s00318.o)
 .data          0x00000001400040b0        0x0 C:/Users/WINDOWS/Downloads/msys64/mingw64/bin/../lib/gcc/x86_64-w64-mingw32/11.2.0/../../../../x86_64-w64-mingw32/lib/../lib/libkernel32.a(libkernel32s00282.o)
 .data          0x00000001400040b0        0x0 C:/Users/WINDOWS/Downloads/msys64/mingw64/bin/../lib/gcc/x86_64-w64-mingw32/11.2.0/../../../../x86_64-w64-mingw32/lib/../lib/libkernel32.a(libkernel32h.o)
 .data          0x00000001400040b0        0x0 C:/Users/WINDOWS/Downloads/msys64/mingw64/bin/../lib/gcc/x86_64-w64-mingw32/11.2.0/../../../../x86_64-w64-mingw32/lib/../lib/libkernel32.a(libkernel32t.o)
 .data          0x00000001400040b0        0x0 C:/Users/WINDOWS/Downloads/msys64/mingw64/bin/../lib/gcc/x86_64-w64-mingw32/11.2.0/crtend.o
 *(.data2)
 *(SORT_BY_NAME(.data$*))
 *(.jcr)
                0x00000001400040b0                __data_end__ = .
 *(.data_cygwin_nocopy)

.rdata          0x0000000140005000      0xc00
 *(.rdata)
 .rdata         0x0000000140005000       0x60 C:\Users\WINDOWS\AppData\Local\Temp\ccgCgt9q.o
 .rdata         0x0000000140005060       0x60 C:/Users/WINDOWS/Downloads/msys64/mingw64/bin/../lib/gcc/x86_64-w64-mingw32/11.2.0/../../../../x86_64-w64-mingw32/lib/../lib/libmingw32.a(lib64_libmingw32_a-tlssup.o)
                0x0000000140005060                __dyn_tls_init_callback
                0x0000000140005080                _tls_used
 .rdata         0x00000001400050c0      0x140 C:/Users/WINDOWS/Downloads/msys64/mingw64/bin/../lib/gcc/x86_64-w64-mingw32/11.2.0/../../../../x86_64-w64-mingw32/lib/../lib/libmingw32.a(lib64_libmingw32_a-merr.o)
 .rdata         0x0000000140005200      0x160 C:/Users/WINDOWS/Downloads/msys64/mingw64/bin/../lib/gcc/x86_64-w64-mingw32/11.2.0/../../../../x86_64-w64-mingw32/lib/../lib/libmingw32.a(lib64_libmingw32_a-pseudo-reloc.o)
 .rdata         0x0000000140005360       0x30 C:/Users/WINDOWS/Downloads/msys64/mingw64/bin/../lib/gcc/x86_64-w64-mingw32/11.2.0/../../../../x86_64-w64-mingw32/lib/../lib/libmingw32.a(lib64_libmingw32_a-crt_handler.o)
 .rdata         0x0000000140005390        0x8 ertr000001.o
 *(SORT_BY_NAME(.rdata$*))
 *fill*         0x0000000140005398        0x8 
 .rdata$.refptr._CRT_MT
                0x00000001400053a0       0x10 C:/Users/WINDOWS/Downloads/msys64/mingw64/bin/../lib/gcc/x86_64-w64-mingw32/11.2.0/../../../../x86_64-w64-mingw32/lib/../lib/libmingw32.a(lib64_libmingw32_a-tlssup.o)
                0x00000001400053a0                .refptr._CRT_MT
 .rdata$.refptr._MINGW_INSTALL_DEBUG_MATHERR
                0x00000001400053b0       0x10 C:/Users/WINDOWS/Downloads/msys64/mingw64/bin/../lib/gcc/x86_64-w64-mingw32/11.2.0/../../../../x86_64-w64-mingw32/lib/../lib/crt2.o
                0x00000001400053b0                .refptr._MINGW_INSTALL_DEBUG_MATHERR
 .rdata$.refptr._ZSt3cin
                0x00000001400053c0       0x10 C:\Users\WINDOWS\AppData\Local\Temp\ccgCgt9q.o
                0x00000001400053c0                __fu1__ZSt3cin
                0x00000001400053c0                .refptr._ZSt3cin
 .rdata$.refptr._ZSt4cout
                0x00000001400053d0       0x10 C:\Users\WINDOWS\AppData\Local\Temp\ccgCgt9q.o
                0x00000001400053d0                __fu0__ZSt4cout
                0x00000001400053d0                .refptr._ZSt4cout
 .rdata$.refptr._ZSt4endlIcSt11char_traitsIcEERSt13basic_ostreamIT_T0_ES6_
                0x00000001400053e0       0x10 C:\Users\WINDOWS\AppData\Local\Temp\ccgCgt9q.o
                0x00000001400053e0                .refptr._ZSt4endlIcSt11char_traitsIcEERSt13basic_ostreamIT_T0_ES6_
 .rdata$.refptr.__CTOR_LIST__
                0x00000001400053f0       0x10 C:/Users/WINDOWS/Downloads/msys64/mingw64/bin/../lib/gcc/x86_64-w64-mingw32/11.2.0/../../../../x86_64-w64-mingw32/lib/../lib/libmingw32.a(lib64_libmingw32_a-gccmain.o)
                0x00000001400053f0                .refptr.__CTOR_LIST__
 .rdata$.refptr.__RUNTIME_PSEUDO_RELOC_LIST_END__
                0x0000000140005400       0x10 C:/Users/WINDOWS/Downloads/msys64/mingw64/bin/../lib/gcc/x86_64-w64-mingw32/11.2.0/../../../../x86_64-w64-mingw32/lib/../lib/libmingw32.a(lib64_libmingw32_a-pseudo-reloc.o)
                0x0000000140005400                .refptr.__RUNTIME_PSEUDO_RELOC_LIST_END__
 .rdata$.refptr.__RUNTIME_PSEUDO_RELOC_LIST__
                0x0000000140005410       0x10 C:/Users/WINDOWS/Downloads/msys64/mingw64/bin/../lib/gcc/x86_64-w64-mingw32/11.2.0/../../../../x86_64-w64-mingw32/lib/../lib/libmingw32.a(lib64_libmingw32_a-pseudo-reloc.o)
                0x0000000140005410                .refptr.__RUNTIME_PSEUDO_RELOC_LIST__
 .rdata$.refptr.__dyn_tls_init_callback
                0x0000000140005420       0x10 C:/Users/WINDOWS/Downloads/msys64/mingw64/bin/../lib/gcc/x86_64-w64-mingw32/11.2.0/../../../../x86_64-w64-mingw32/lib/../lib/crt2.o
                0x0000000140005420                .refptr.__dyn_tls_init_callback
 .rdata$.refptr.__image_base__
                0x0000000140005430       0x10 C:/Users/WINDOWS/Downloads/msys64/mingw64/bin/../lib/gcc/x86_64-w64-mingw32/11.2.0/../../../../x86_64-w64-mingw32/lib/../lib/crt2.o
                0x0000000140005430                .refptr.__image_base__
 .rdata$.refptr.__imp___initenv
                0x0000000140005440       0x10 C:/Users/WINDOWS/Downloads/msys64/mingw64/bin/../lib/gcc/x86_64-w64-mingw32/11.2.0/../../../../x86_64-w64-mingw32/lib/../lib/crt2.o
                0x0000000140005440                .refptr.__imp___initenv
 .rdata$.refptr.__imp__acmdln
                0x0000000140005450       0x10 C:/Users/WINDOWS/Downloads/msys64/mingw64/bin/../lib/gcc/x86_64-w64-mingw32/11.2.0/../../../../x86_64-w64-mingw32/lib/../lib/libmsvcrt.a(lib64_libmsvcrt_extra_a-__p__acmdln.o)
                0x0000000140005450                .refptr.__imp__acmdln
 .rdata$.refptr.__imp__commode
                0x0000000140005460       0x10 C:/Users/WINDOWS/Downloads/msys64/mingw64/bin/../lib/gcc/x86_64-w64-mingw32/11.2.0/../../../../x86_64-w64-mingw32/lib/../lib/libmsvcrt.a(lib64_libmsvcrt_extra_a-__p__commode.o)
                0x0000000140005460                .refptr.__imp__commode
 .rdata$.refptr.__imp__fmode
                0x0000000140005470       0x10 C:/Users/WINDOWS/Downloads/msys64/mingw64/bin/../lib/gcc/x86_64-w64-mingw32/11.2.0/../../../../x86_64-w64-mingw32/lib/../lib/libmsvcrt.a(lib64_libmsvcrt_extra_a-__p__fmode.o)
                0x0000000140005470                .refptr.__imp__fmode
 .rdata$.refptr.__mingw_app_type
                0x0000000140005480       0x10 C:/Users/WINDOWS/Downloads/msys64/mingw64/bin/../lib/gcc/x86_64-w64-mingw32/11.2.0/../../../../x86_64-w64-mingw32/lib/../lib/crt2.o
                0x0000000140005480                .refptr.__mingw_app_type
 .rdata$.refptr.__mingw_initltsdrot_force
                0x0000000140005490       0x10 C:/Users/WINDOWS/Downloads/msys64/mingw64/bin/../lib/gcc/x86_64-w64-mingw32/11.2.0/../../../../x86_64-w64-mingw32/lib/../lib/crt2.o
                0x0000000140005490                .refptr.__mingw_initltsdrot_force
 .rdata$.refptr.__mingw_initltsdyn_force
                0x00000001400054a0       0x10 C:/Users/WINDOWS/Downloads/msys64/mingw64/bin/../lib/gcc/x86_64-w64-mingw32/11.2.0/../../../../x86_64-w64-mingw32/lib/../lib/crt2.o
                0x00000001400054a0                .refptr.__mingw_initltsdyn_force
 .rdata$.refptr.__mingw_initltssuo_force
                0x00000001400054b0       0x10 C:/Users/WINDOWS/Downloads/msys64/mingw64/bin/../lib/gcc/x86_64-w64-mingw32/11.2.0/../../../../x86_64-w64-mingw32/lib/../lib/crt2.o
                0x00000001400054b0                .refptr.__mingw_initltssuo_force
 .rdata$.refptr.__mingw_oldexcpt_handler
                0x00000001400054c0       0x10 C:/Users/WINDOWS/Downloads/msys64/mingw64/bin/../lib/gcc/x86_64-w64-mingw32/11.2.0/../../../../x86_64-w64-mingw32/lib/../lib/crt2.o
                0x00000001400054c0                .refptr.__mingw_oldexcpt_handler
 .rdata$.refptr.__native_startup_lock
                0x00000001400054d0       0x10 C:/Users/WINDOWS/Downloads/msys64/mingw64/bin/../lib/gcc/x86_64-w64-mingw32/11.2.0/../../../../x86_64-w64-mingw32/lib/../lib/crt2.o
                0x00000001400054d0                .refptr.__native_startup_lock
 .rdata$.refptr.__native_startup_state
                0x00000001400054e0       0x10 C:/Users/WINDOWS/Downloads/msys64/mingw64/bin/../lib/gcc/x86_64-w64-mingw32/11.2.0/../../../../x86_64-w64-mingw32/lib/../lib/crt2.o
                0x00000001400054e0                .refptr.__native_startup_state
 .rdata$.refptr.__xc_a
                0x00000001400054f0       0x10 C:/Users/WINDOWS/Downloads/msys64/mingw64/bin/../lib/gcc/x86_64-w64-mingw32/11.2.0/../../../../x86_64-w64-mingw32/lib/../lib/crt2.o
                0x00000001400054f0                .refptr.__xc_a
 .rdata$.refptr.__xc_z
                0x0000000140005500       0x10 C:/Users/WINDOWS/Downloads/msys64/mingw64/bin/../lib/gcc/x86_64-w64-mingw32/11.2.0/../../../../x86_64-w64-mingw32/lib/../lib/crt2.o
                0x0000000140005500                .refptr.__xc_z
 .rdata$.refptr.__xi_a
                0x0000000140005510       0x10 C:/Users/WINDOWS/Downloads/msys64/mingw64/bin/../lib/gcc/x86_64-w64-mingw32/11.2.0/../../../../x86_64-w64-mingw32/lib/../lib/crt2.o
                0x0000000140005510                .refptr.__xi_a
 .rdata$.refptr.__xi_z
                0x0000000140005520       0x10 C:/Users/WINDOWS/Downloads/msys64/mingw64/bin/../lib/gcc/x86_64-w64-mingw32/11.2.0/../../../../x86_64-w64-mingw32/lib/../lib/crt2.o
                0x0000000140005520                .refptr.__xi_z
 .rdata$.refptr._commode
                0x0000000140005530       0x10 C:/Users/WINDOWS/Downloads/msys64/mingw64/bin/../lib/gcc/x86_64-w64-mingw32/11.2.0/../../../../x86_64-w64-mingw32/lib/../lib/crt2.o
                0x0000000140005530                .refptr._commode
 .rdata$.refptr._dowildcard
                0x0000000140005540       0x10 C:/Users/WINDOWS/Downloads/msys64/mingw64/bin/../lib/gcc/x86_64-w64-mingw32/11.2.0/../../../../x86_64-w64-mingw32/lib/../lib/crt2.o
                0x0000000140005540                .refptr._dowildcard
 .rdata$.refptr._fmode
                0x0000000140005550       0x10 C:/Users/WINDOWS/Downloads/msys64/mingw64/bin/../lib/gcc/x86_64-w64-mingw32/11.2.0/../../../../x86_64-w64-mingw32/lib/../lib/crt2.o
                0x0000000140005550                .refptr._fmode
 .rdata$.refptr._gnu_exception_handler
                0x0000000140005560       0x10 C:/Users/WINDOWS/Downloads/msys64/mingw64/bin/../lib/gcc/x86_64-w64-mingw32/11.2.0/../../../../x86_64-w64-mingw32/lib/../lib/crt2.o
                0x0000000140005560                .refptr._gnu_exception_handler
 .rdata$.refptr._matherr
                0x0000000140005570       0x10 C:/Users/WINDOWS/Downloads/msys64/mingw64/bin/../lib/gcc/x86_64-w64-mingw32/11.2.0/../../../../x86_64-w64-mingw32/lib/../lib/crt2.o
                0x0000000140005570                .refptr._matherr
 .rdata$.refptr._newmode
                0x0000000140005580       0x10 C:/Users/WINDOWS/Downloads/msys64/mingw64/bin/../lib/gcc/x86_64-w64-mingw32/11.2.0/../../../../x86_64-w64-mingw32/lib/../lib/crt2.o
                0x0000000140005580                .refptr._newmode
 .rdata$.refptr.strtol
                0x0000000140005590       0x10 C:\Users\WINDOWS\AppData\Local\Temp\ccgCgt9q.o
                0x0000000140005590                .refptr.strtol
 .rdata$zzz     0x00000001400055a0       0x30 C:/Users/WINDOWS/Downloads/msys64/mingw64/bin/../lib/gcc/x86_64-w64-mingw32/11.2.0/../../../../x86_64-w64-mingw32/lib/../lib/crt2.o
 .rdata$zzz     0x00000001400055d0       0x30 C:/Users/WINDOWS/Downloads/msys64/mingw64/bin/../lib/gcc/x86_64-w64-mingw32/11.2.0/crtbegin.o
 .rdata$zzz     0x0000000140005600       0x30 C:\Users\WINDOWS\AppData\Local\Temp\ccgCgt9q.o
 .rdata$zzz     0x0000000140005630       0x30 C:/Users/WINDOWS/Downloads/msys64/mingw64/bin/../lib/gcc/x86_64-w64-mingw32/11.2.0/../../../../x86_64-w64-mingw32/lib/../lib/libmingw32.a(lib64_libmingw32_a-gccmain.o)
 .rdata$zzz     0x0000000140005660       0x30 C:/Users/WINDOWS/Downloads/msys64/mingw64/bin/../lib/gcc/x86_64-w64-mingw32/11.2.0/../../../../x86_64-w64-mingw32/lib/../lib/libmingw32.a(lib64_libmingw32_a-natstart.o)
 .rdata$zzz     0x0000000140005690       0x30 C:/Users/WINDOWS/Downloads/msys64/mingw64/bin/../lib/gcc/x86_64-w64-mingw32/11.2.0/../../../../x86_64-w64-mingw32/lib/../lib/libmingw32.a(lib64_libmingw32_a-wildcard.o)
 .rdata$zzz     0x00000001400056c0       0x30 C:/Users/WINDOWS/Downloads/msys64/mingw64/bin/../lib/gcc/x86_64-w64-mingw32/11.2.0/../../../../x86_64-w64-mingw32/lib/../lib/libmingw32.a(lib64_libmingw32_a-dllargv.o)
 .rdata$zzz     0x00000001400056f0       0x30 C:/Users/WINDOWS/Downloads/msys64/mingw64/bin/../lib/gcc/x86_64-w64-mingw32/11.2.0/../../../../x86_64-w64-mingw32/lib/../lib/libmingw32.a(lib64_libmingw32_a-_newmode.o)
 .rdata$zzz     0x0000000140005720       0x30 C:/Users/WINDOWS/Downloads/msys64/mingw64/bin/../lib/gcc/x86_64-w64-mingw32/11.2.0/../../../../x86_64-w64-mingw32/lib/../lib/libmingw32.a(lib64_libmingw32_a-tlssup.o)
 .rdata$zzz     0x0000000140005750       0x30 C:/Users/WINDOWS/Downloads/msys64/mingw64/bin/../lib/gcc/x86_64-w64-mingw32/11.2.0/../../../../x86_64-w64-mingw32/lib/../lib/libmingw32.a(lib64_libmingw32_a-xncommod.o)
 .rdata$zzz     0x0000000140005780       0x30 C:/Users/WINDOWS/Downloads/msys64/mingw64/bin/../lib/gcc/x86_64-w64-mingw32/11.2.0/../../../../x86_64-w64-mingw32/lib/../lib/libmingw32.a(lib64_libmingw32_a-cinitexe.o)
 .rdata$zzz     0x00000001400057b0       0x30 C:/Users/WINDOWS/Downloads/msys64/mingw64/bin/../lib/gcc/x86_64-w64-mingw32/11.2.0/../../../../x86_64-w64-mingw32/lib/../lib/libmingw32.a(lib64_libmingw32_a-merr.o)
 .rdata$zzz     0x00000001400057e0       0x30 C:/Users/WINDOWS/Downloads/msys64/mingw64/bin/../lib/gcc/x86_64-w64-mingw32/11.2.0/../../../../x86_64-w64-mingw32/lib/../lib/libmingw32.a(lib64_libmingw32_a-CRT_fp10.o)
 .rdata$zzz     0x0000000140005810       0x30 C:/Users/WINDOWS/Downloads/msys64/mingw64/bin/../lib/gcc/x86_64-w64-mingw32/11.2.0/../../../../x86_64-w64-mingw32/lib/../lib/libmingw32.a(lib64_libmingw32_a-mingw_helpers.o)
 .rdata$zzz     0x0000000140005840       0x30 C:/Users/WINDOWS/Downloads/msys64/mingw64/bin/../lib/gcc/x86_64-w64-mingw32/11.2.0/../../../../x86_64-w64-mingw32/lib/../lib/libmingw32.a(lib64_libmingw32_a-pseudo-reloc.o)
 .rdata$zzz     0x0000000140005870       0x30 C:/Users/WINDOWS/Downloads/msys64/mingw64/bin/../lib/gcc/x86_64-w64-mingw32/11.2.0/../../../../x86_64-w64-mingw32/lib/../lib/libmingw32.a(lib64_libmingw32_a-usermatherr.o)
 .rdata$zzz     0x00000001400058a0       0x30 C:/Users/WINDOWS/Downloads/msys64/mingw64/bin/../lib/gcc/x86_64-w64-mingw32/11.2.0/../../../../x86_64-w64-mingw32/lib/../lib/libmingw32.a(lib64_libmingw32_a-xtxtmode.o)
 .rdata$zzz     0x00000001400058d0       0x30 C:/Users/WINDOWS/Downloads/msys64/mingw64/bin/../lib/gcc/x86_64-w64-mingw32/11.2.0/../../../../x86_64-w64-mingw32/lib/../lib/libmingw32.a(lib64_libmingw32_a-crt_handler.o)
 .rdata$zzz     0x0000000140005900       0x30 C:/Users/WINDOWS/Downloads/msys64/mingw64/bin/../lib/gcc/x86_64-w64-mingw32/11.2.0/../../../../x86_64-w64-mingw32/lib/../lib/libmingw32.a(lib64_libmingw32_a-tlsthrd.o)
 .rdata$zzz     0x0000000140005930       0x30 C:/Users/WINDOWS/Downloads/msys64/mingw64/bin/../lib/gcc/x86_64-w64-mingw32/11.2.0/../../../../x86_64-w64-mingw32/lib/../lib/libmingw32.a(lib64_libmingw32_a-tlsmcrt.o)
 .rdata$zzz     0x0000000140005960       0x30 C:/Users/WINDOWS/Downloads/msys64/mingw64/bin/../lib/gcc/x86_64-w64-mingw32/11.2.0/../../../../x86_64-w64-mingw32/lib/../lib/libmingw32.a(lib64_libmingw32_a-pseudo-reloc-list.o)
 .rdata$zzz     0x0000000140005990       0x30 C:/Users/WINDOWS/Downloads/msys64/mingw64/bin/../lib/gcc/x86_64-w64-mingw32/11.2.0/../../../../x86_64-w64-mingw32/lib/../lib/libmingw32.a(lib64_libmingw32_a-pesect.o)
 .rdata$zzz     0x00000001400059c0       0x30 C:/Users/WINDOWS/Downloads/msys64/mingw64/bin/../lib/gcc/x86_64-w64-mingw32/11.2.0/libgcc.a(_ctors.o)
 .rdata$zzz     0x00000001400059f0       0x30 C:/Users/WINDOWS/Downloads/msys64/mingw64/bin/../lib/gcc/x86_64-w64-mingw32/11.2.0/../../../../x86_64-w64-mingw32/lib/../lib/libmingwex.a(lib64_libmingwex_a-mingw_matherr.o)
 .rdata$zzz     0x0000000140005a20       0x30 C:/Users/WINDOWS/Downloads/msys64/mingw64/bin/../lib/gcc/x86_64-w64-mingw32/11.2.0/../../../../x86_64-w64-mingw32/lib/../lib/libmsvcrt.a(lib64_libmsvcrt_extra_a-__p__fmode.o)
 .rdata$zzz     0x0000000140005a50       0x30 C:/Users/WINDOWS/Downloads/msys64/mingw64/bin/../lib/gcc/x86_64-w64-mingw32/11.2.0/../../../../x86_64-w64-mingw32/lib/../lib/libmsvcrt.a(lib64_libmsvcrt_extra_a-__p__commode.o)
 .rdata$zzz     0x0000000140005a80       0x30 C:/Users/WINDOWS/Downloads/msys64/mingw64/bin/../lib/gcc/x86_64-w64-mingw32/11.2.0/../../../../x86_64-w64-mingw32/lib/../lib/libmsvcrt.a(lib64_libmsvcrt_extra_a-__p__acmdln.o)
 .rdata$zzz     0x0000000140005ab0       0x30 C:/Users/WINDOWS/Downloads/msys64/mingw64/bin/../lib/gcc/x86_64-w64-mingw32/11.2.0/../../../../x86_64-w64-mingw32/lib/../lib/libmsvcrt.a(lib64_libmsvcrt_extra_a-invalid_parameter_handler.o)
 .rdata$zzz     0x0000000140005ae0       0x30 C:/Users/WINDOWS/Downloads/msys64/mingw64/bin/../lib/gcc/x86_64-w64-mingw32/11.2.0/../../../../x86_64-w64-mingw32/lib/../lib/libmsvcrt.a(lib64_libmsvcrt_common_a-acrt_iob_func.o)
 .rdata$zzz     0x0000000140005b10       0x30 C:/Users/WINDOWS/Downloads/msys64/mingw64/bin/../lib/gcc/x86_64-w64-mingw32/11.2.0/crtend.o
                0x0000000140005b40                . = ALIGN (0x4)
                0x0000000140005b40                __rt_psrelocs_start = .
 *(.rdata_runtime_pseudo_reloc)
 .rdata_runtime_pseudo_reloc
                0x0000000140005b40       0x18 rtr000000.o
 .rdata_runtime_pseudo_reloc
                0x0000000140005b58        0xc rtr000002.o
                0x0000000140005b64                __rt_psrelocs_end = .
                0x0000000000000024                __rt_psrelocs_size = (__rt_psrelocs_end - __rt_psrelocs_start)
                0x0000000140005b64                ___RUNTIME_PSEUDO_RELOC_LIST_END__ = .
                0x0000000140005b64                __RUNTIME_PSEUDO_RELOC_LIST_END__ = .
                0x0000000140005b40                ___RUNTIME_PSEUDO_RELOC_LIST__ = (. - __rt_psrelocs_size)
                0x0000000140005b40                __RUNTIME_PSEUDO_RELOC_LIST__ = (. - __rt_psrelocs_size)

.eh_frame
 *(.eh_frame*)

.pdata          0x0000000140006000      0x400
 *(.pdata*)
 .pdata         0x0000000140006000       0x54 C:/Users/WINDOWS/Downloads/msys64/mingw64/bin/../lib/gcc/x86_64-w64-mingw32/11.2.0/../../../../x86_64-w64-mingw32/lib/../lib/crt2.o
 .pdata         0x0000000140006054       0x18 C:/Users/WINDOWS/Downloads/msys64/mingw64/bin/../lib/gcc/x86_64-w64-mingw32/11.2.0/crtbegin.o
 .pdata$_ZNSt7__cxx114stoiERKNS_12basic_stringIcSt11char_traitsIcESaIcEEEPyi
                0x000000014000606c        0xc C:\Users\WINDOWS\AppData\Local\Temp\ccgCgt9q.o
 .pdata$_ZStorSt13_Ios_OpenmodeS_
                0x0000000140006078        0xc C:\Users\WINDOWS\AppData\Local\Temp\ccgCgt9q.o
 .pdata         0x0000000140006084       0x30 C:\Users\WINDOWS\AppData\Local\Temp\ccgCgt9q.o
 .pdata$_ZZN9__gnu_cxx6__stoaIlicJiEEET0_PFT_PKT1_PPS3_DpT2_EPKcS5_PyS9_EN11_Save_errnoC1Ev
                0x00000001400060b4        0xc C:\Users\WINDOWS\AppData\Local\Temp\ccgCgt9q.o
 .pdata$_ZZN9__gnu_cxx6__stoaIlicJiEEET0_PFT_PKT1_PPS3_DpT2_EPKcS5_PyS9_EN11_Save_errnoD1Ev
                0x00000001400060c0        0xc C:\Users\WINDOWS\AppData\Local\Temp\ccgCgt9q.o
 .pdata$_ZZN9__gnu_cxx6__stoaIlicJiEEET0_PFT_PKT1_PPS3_DpT2_EPKcS5_PyS9_EN10_Range_chk6_S_chkElSt17integral_constantIbLb1EE
                0x00000001400060cc        0xc C:\Users\WINDOWS\AppData\Local\Temp\ccgCgt9q.o
 .pdata$_ZN9__gnu_cxx6__stoaIlicJiEEET0_PFT_PKT1_PPS3_DpT2_EPKcS5_PyS9_
                0x00000001400060d8        0xc C:\Users\WINDOWS\AppData\Local\Temp\ccgCgt9q.o
 .pdata$_ZSteqIcSt11char_traitsIcESaIcEEbRKNSt7__cxx1112basic_stringIT_T0_T1_EEPKS5_
                0x00000001400060e4        0xc C:\Users\WINDOWS\AppData\Local\Temp\ccgCgt9q.o
 .pdata         0x00000001400060f0       0x24 C:/Users/WINDOWS/Downloads/msys64/mingw64/bin/../lib/gcc/x86_64-w64-mingw32/11.2.0/../../../../x86_64-w64-mingw32/lib/../lib/libmingw32.a(lib64_libmingw32_a-gccmain.o)
 .pdata         0x0000000140006114        0xc C:/Users/WINDOWS/Downloads/msys64/mingw64/bin/../lib/gcc/x86_64-w64-mingw32/11.2.0/../../../../x86_64-w64-mingw32/lib/../lib/libmingw32.a(lib64_libmingw32_a-dllargv.o)
 .pdata         0x0000000140006120       0x24 C:/Users/WINDOWS/Downloads/msys64/mingw64/bin/../lib/gcc/x86_64-w64-mingw32/11.2.0/../../../../x86_64-w64-mingw32/lib/../lib/libmingw32.a(lib64_libmingw32_a-tlssup.o)
 .pdata         0x0000000140006144        0xc C:/Users/WINDOWS/Downloads/msys64/mingw64/bin/../lib/gcc/x86_64-w64-mingw32/11.2.0/../../../../x86_64-w64-mingw32/lib/../lib/libmingw32.a(lib64_libmingw32_a-merr.o)
 .pdata         0x0000000140006150        0xc C:/Users/WINDOWS/Downloads/msys64/mingw64/bin/../lib/gcc/x86_64-w64-mingw32/11.2.0/../../../../x86_64-w64-mingw32/lib/../lib/libmingw32.a(lib64_libmingw32_a-CRT_fp10.o)
 .pdata         0x000000014000615c       0x24 C:/Users/WINDOWS/Downloads/msys64/mingw64/bin/../lib/gcc/x86_64-w64-mingw32/11.2.0/../../../../x86_64-w64-mingw32/lib/../lib/libmingw32.a(lib64_libmingw32_a-pseudo-reloc.o)
 .pdata         0x0000000140006180       0x18 C:/Users/WINDOWS/Downloads/msys64/mingw64/bin/../lib/gcc/x86_64-w64-mingw32/11.2.0/../../../../x86_64-w64-mingw32/lib/../lib/libmingw32.a(lib64_libmingw32_a-usermatherr.o)
 .pdata         0x0000000140006198        0xc C:/Users/WINDOWS/Downloads/msys64/mingw64/bin/../lib/gcc/x86_64-w64-mingw32/11.2.0/../../../../x86_64-w64-mingw32/lib/../lib/libmingw32.a(lib64_libmingw32_a-crt_handler.o)
 .pdata         0x00000001400061a4       0x30 C:/Users/WINDOWS/Downloads/msys64/mingw64/bin/../lib/gcc/x86_64-w64-mingw32/11.2.0/../../../../x86_64-w64-mingw32/lib/../lib/libmingw32.a(lib64_libmingw32_a-tlsthrd.o)
 .pdata         0x00000001400061d4       0x6c C:/Users/WINDOWS/Downloads/msys64/mingw64/bin/../lib/gcc/x86_64-w64-mingw32/11.2.0/../../../../x86_64-w64-mingw32/lib/../lib/libmingw32.a(lib64_libmingw32_a-pesect.o)
 .pdata         0x0000000140006240        0xc C:/Users/WINDOWS/Downloads/msys64/mingw64/bin/../lib/gcc/x86_64-w64-mingw32/11.2.0/../../../../x86_64-w64-mingw32/lib/../lib/libmsvcrt.a(lib64_libmsvcrt_extra_a-__p__fmode.o)
 .pdata         0x000000014000624c        0xc C:/Users/WINDOWS/Downloads/msys64/mingw64/bin/../lib/gcc/x86_64-w64-mingw32/11.2.0/../../../../x86_64-w64-mingw32/lib/../lib/libmsvcrt.a(lib64_libmsvcrt_extra_a-__p__commode.o)
 .pdata         0x0000000140006258        0xc C:/Users/WINDOWS/Downloads/msys64/mingw64/bin/../lib/gcc/x86_64-w64-mingw32/11.2.0/../../../../x86_64-w64-mingw32/lib/../lib/libmsvcrt.a(lib64_libmsvcrt_extra_a-__p__acmdln.o)
 .pdata         0x0000000140006264       0x18 C:/Users/WINDOWS/Downloads/msys64/mingw64/bin/../lib/gcc/x86_64-w64-mingw32/11.2.0/../../../../x86_64-w64-mingw32/lib/../lib/libmsvcrt.a(lib64_libmsvcrt_extra_a-invalid_parameter_handler.o)
 .pdata         0x000000014000627c        0xc C:/Users/WINDOWS/Downloads/msys64/mingw64/bin/../lib/gcc/x86_64-w64-mingw32/11.2.0/../../../../x86_64-w64-mingw32/lib/../lib/libmsvcrt.a(lib64_libmsvcrt_common_a-acrt_iob_func.o)
 .pdata.startup
                0x0000000140006288        0xc C:/Users/WINDOWS/Downloads/msys64/mingw64/bin/../lib/gcc/x86_64-w64-mingw32/11.2.0/crtend.o

.xdata          0x0000000140007000      0x400
 *(.xdata*)
 .xdata         0x0000000140007000       0x70 C:/Users/WINDOWS/Downloads/msys64/mingw64/bin/../lib/gcc/x86_64-w64-mingw32/11.2.0/../../../../x86_64-w64-mingw32/lib/../lib/crt2.o
 .xdata         0x0000000140007070        0x8 C:/Users/WINDOWS/Downloads/msys64/mingw64/bin/../lib/gcc/x86_64-w64-mingw32/11.2.0/crtbegin.o
 .xdata$_ZNSt7__cxx114stoiERKNS_12basic_stringIcSt11char_traitsIcESaIcEEEPyi
                0x0000000140007078        0xc C:\Users\WINDOWS\AppData\Local\Temp\ccgCgt9q.o
 .xdata$_ZStorSt13_Ios_OpenmodeS_
                0x0000000140007084        0x8 C:\Users\WINDOWS\AppData\Local\Temp\ccgCgt9q.o
 .xdata         0x000000014000708c       0x64 C:\Users\WINDOWS\AppData\Local\Temp\ccgCgt9q.o
 .xdata$_ZZN9__gnu_cxx6__stoaIlicJiEEET0_PFT_PKT1_PPS3_DpT2_EPKcS5_PyS9_EN11_Save_errnoC1Ev
                0x00000001400070f0        0xc C:\Users\WINDOWS\AppData\Local\Temp\ccgCgt9q.o
 .xdata$_ZZN9__gnu_cxx6__stoaIlicJiEEET0_PFT_PKT1_PPS3_DpT2_EPKcS5_PyS9_EN11_Save_errnoD1Ev
                0x00000001400070fc       0x14 C:\Users\WINDOWS\AppData\Local\Temp\ccgCgt9q.o
 .xdata$_ZZN9__gnu_cxx6__stoaIlicJiEEET0_PFT_PKT1_PPS3_DpT2_EPKcS5_PyS9_EN10_Range_chk6_S_chkElSt17integral_constantIbLb1EE
                0x0000000140007110        0x8 C:\Users\WINDOWS\AppData\Local\Temp\ccgCgt9q.o
 .xdata$_ZN9__gnu_cxx6__stoaIlicJiEEET0_PFT_PKT1_PPS3_DpT2_EPKcS5_PyS9_
                0x0000000140007118       0x24 C:\Users\WINDOWS\AppData\Local\Temp\ccgCgt9q.o
 .xdata$_ZSteqIcSt11char_traitsIcESaIcEEbRKNSt7__cxx1112basic_stringIT_T0_T1_EEPKS5_
                0x000000014000713c        0xc C:\Users\WINDOWS\AppData\Local\Temp\ccgCgt9q.o
 .xdata         0x0000000140007148       0x18 C:/Users/WINDOWS/Downloads/msys64/mingw64/bin/../lib/gcc/x86_64-w64-mingw32/11.2.0/../../../../x86_64-w64-mingw32/lib/../lib/libmingw32.a(lib64_libmingw32_a-gccmain.o)
 .xdata         0x0000000140007160        0x4 C:/Users/WINDOWS/Downloads/msys64/mingw64/bin/../lib/gcc/x86_64-w64-mingw32/11.2.0/../../../../x86_64-w64-mingw32/lib/../lib/libmingw32.a(lib64_libmingw32_a-dllargv.o)
 .xdata         0x0000000140007164       0x18 C:/Users/WINDOWS/Downloads/msys64/mingw64/bin/../lib/gcc/x86_64-w64-mingw32/11.2.0/../../../../x86_64-w64-mingw32/lib/../lib/libmingw32.a(lib64_libmingw32_a-tlssup.o)
 .xdata         0x000000014000717c       0x18 C:/Users/WINDOWS/Downloads/msys64/mingw64/bin/../lib/gcc/x86_64-w64-mingw32/11.2.0/../../../../x86_64-w64-mingw32/lib/../lib/libmingw32.a(lib64_libmingw32_a-merr.o)
 .xdata         0x0000000140007194        0x4 C:/Users/WINDOWS/Downloads/msys64/mingw64/bin/../lib/gcc/x86_64-w64-mingw32/11.2.0/../../../../x86_64-w64-mingw32/lib/../lib/libmingw32.a(lib64_libmingw32_a-CRT_fp10.o)
 .xdata         0x0000000140007198       0x30 C:/Users/WINDOWS/Downloads/msys64/mingw64/bin/../lib/gcc/x86_64-w64-mingw32/11.2.0/../../../../x86_64-w64-mingw32/lib/../lib/libmingw32.a(lib64_libmingw32_a-pseudo-reloc.o)
 .xdata         0x00000001400071c8        0xc C:/Users/WINDOWS/Downloads/msys64/mingw64/bin/../lib/gcc/x86_64-w64-mingw32/11.2.0/../../../../x86_64-w64-mingw32/lib/../lib/libmingw32.a(lib64_libmingw32_a-usermatherr.o)
 .xdata         0x00000001400071d4        0x8 C:/Users/WINDOWS/Downloads/msys64/mingw64/bin/../lib/gcc/x86_64-w64-mingw32/11.2.0/../../../../x86_64-w64-mingw32/lib/../lib/libmingw32.a(lib64_libmingw32_a-crt_handler.o)
 .xdata         0x00000001400071dc       0x34 C:/Users/WINDOWS/Downloads/msys64/mingw64/bin/../lib/gcc/x86_64-w64-mingw32/11.2.0/../../../../x86_64-w64-mingw32/lib/../lib/libmingw32.a(lib64_libmingw32_a-tlsthrd.o)
 .xdata         0x0000000140007210       0x2c C:/Users/WINDOWS/Downloads/msys64/mingw64/bin/../lib/gcc/x86_64-w64-mingw32/11.2.0/../../../../x86_64-w64-mingw32/lib/../lib/libmingw32.a(lib64_libmingw32_a-pesect.o)
 .xdata         0x000000014000723c        0x4 C:/Users/WINDOWS/Downloads/msys64/mingw64/bin/../lib/gcc/x86_64-w64-mingw32/11.2.0/../../../../x86_64-w64-mingw32/lib/../lib/libmsvcrt.a(lib64_libmsvcrt_extra_a-__p__fmode.o)
 .xdata         0x0000000140007240        0x4 C:/Users/WINDOWS/Downloads/msys64/mingw64/bin/../lib/gcc/x86_64-w64-mingw32/11.2.0/../../../../x86_64-w64-mingw32/lib/../lib/libmsvcrt.a(lib64_libmsvcrt_extra_a-__p__commode.o)
 .xdata         0x0000000140007244        0x4 C:/Users/WINDOWS/Downloads/msys64/mingw64/bin/../lib/gcc/x86_64-w64-mingw32/11.2.0/../../../../x86_64-w64-mingw32/lib/../lib/libmsvcrt.a(lib64_libmsvcrt_extra_a-__p__acmdln.o)
 .xdata         0x0000000140007248        0x8 C:/Users/WINDOWS/Downloads/msys64/mingw64/bin/../lib/gcc/x86_64-w64-mingw32/11.2.0/../../../../x86_64-w64-mingw32/lib/../lib/libmsvcrt.a(lib64_libmsvcrt_extra_a-invalid_parameter_handler.o)
 .xdata         0x0000000140007250        0x8 C:/Users/WINDOWS/Downloads/msys64/mingw64/bin/../lib/gcc/x86_64-w64-mingw32/11.2.0/../../../../x86_64-w64-mingw32/lib/../lib/libmsvcrt.a(lib64_libmsvcrt_common_a-acrt_iob_func.o)
 .xdata.startup
                0x0000000140007258        0x4 C:/Users/WINDOWS/Downloads/msys64/mingw64/bin/../lib/gcc/x86_64-w64-mingw32/11.2.0/crtend.o

.bss            0x0000000140008000      0x1a0
                0x0000000140008000                __bss_start__ = .
 *(.bss)
 .bss           0x0000000140008000       0x40 C:/Users/WINDOWS/Downloads/msys64/mingw64/bin/../lib/gcc/x86_64-w64-mingw32/11.2.0/../../../../x86_64-w64-mingw32/lib/../lib/crt2.o
                0x0000000140008000                __mingw_module_is_dll
                0x0000000140008008                __mingw_winmain_lpCmdLine
                0x0000000140008010                __mingw_winmain_hInstance
 .bss           0x0000000140008040        0x0 C:/Users/WINDOWS/Downloads/msys64/mingw64/bin/../lib/gcc/x86_64-w64-mingw32/11.2.0/crtbegin.o
 .bss           0x0000000140008040       0x10 C:\Users\WINDOWS\AppData\Local\Temp\ccgCgt9q.o
 .bss           0x0000000140008050       0x10 C:/Users/WINDOWS/Downloads/msys64/mingw64/bin/../lib/gcc/x86_64-w64-mingw32/11.2.0/../../../../x86_64-w64-mingw32/lib/../lib/libmingw32.a(lib64_libmingw32_a-gccmain.o)
 .bss           0x0000000140008060       0x10 C:/Users/WINDOWS/Downloads/msys64/mingw64/bin/../lib/gcc/x86_64-w64-mingw32/11.2.0/../../../../x86_64-w64-mingw32/lib/../lib/libmingw32.a(lib64_libmingw32_a-natstart.o)
                0x0000000140008060                __native_startup_lock
                0x0000000140008068                __native_startup_state
 .bss           0x0000000140008070        0x0 C:/Users/WINDOWS/Downloads/msys64/mingw64/bin/../lib/gcc/x86_64-w64-mingw32/11.2.0/../../../../x86_64-w64-mingw32/lib/../lib/libmingw32.a(lib64_libmingw32_a-wildcard.o)
 .bss           0x0000000140008070        0x0 C:/Users/WINDOWS/Downloads/msys64/mingw64/bin/../lib/gcc/x86_64-w64-mingw32/11.2.0/../../../../x86_64-w64-mingw32/lib/../lib/libmingw32.a(lib64_libmingw32_a-dllargv.o)
 .bss           0x0000000140008070       0x10 C:/Users/WINDOWS/Downloads/msys64/mingw64/bin/../lib/gcc/x86_64-w64-mingw32/11.2.0/../../../../x86_64-w64-mingw32/lib/../lib/libmingw32.a(lib64_libmingw32_a-_newmode.o)
                0x0000000140008070                _newmode
 .bss           0x0000000140008080       0x10 C:/Users/WINDOWS/Downloads/msys64/mingw64/bin/../lib/gcc/x86_64-w64-mingw32/11.2.0/../../../../x86_64-w64-mingw32/lib/../lib/libmingw32.a(lib64_libmingw32_a-tlssup.o)
                0x0000000140008080                __mingw_initltssuo_force
                0x0000000140008084                __mingw_initltsdyn_force
                0x0000000140008088                __mingw_initltsdrot_force
                0x000000014000808c                _tls_index
 .bss           0x0000000140008090       0x10 C:/Users/WINDOWS/Downloads/msys64/mingw64/bin/../lib/gcc/x86_64-w64-mingw32/11.2.0/../../../../x86_64-w64-mingw32/lib/../lib/libmingw32.a(lib64_libmingw32_a-xncommod.o)
                0x0000000140008090                _commode
 .bss           0x00000001400080a0        0x0 C:/Users/WINDOWS/Downloads/msys64/mingw64/bin/../lib/gcc/x86_64-w64-mingw32/11.2.0/../../../../x86_64-w64-mingw32/lib/../lib/libmingw32.a(lib64_libmingw32_a-cinitexe.o)
 .bss           0x00000001400080a0        0x0 C:/Users/WINDOWS/Downloads/msys64/mingw64/bin/../lib/gcc/x86_64-w64-mingw32/11.2.0/../../../../x86_64-w64-mingw32/lib/../lib/libmingw32.a(lib64_libmingw32_a-merr.o)
 .bss           0x00000001400080a0        0x0 C:/Users/WINDOWS/Downloads/msys64/mingw64/bin/../lib/gcc/x86_64-w64-mingw32/11.2.0/../../../../x86_64-w64-mingw32/lib/../lib/libmingw32.a(lib64_libmingw32_a-CRT_fp10.o)
 .bss           0x00000001400080a0       0x10 C:/Users/WINDOWS/Downloads/msys64/mingw64/bin/../lib/gcc/x86_64-w64-mingw32/11.2.0/../../../../x86_64-w64-mingw32/lib/../lib/libmingw32.a(lib64_libmingw32_a-mingw_helpers.o)
                0x00000001400080a0                __mingw_app_type
 .bss           0x00000001400080b0       0x10 C:/Users/WINDOWS/Downloads/msys64/mingw64/bin/../lib/gcc/x86_64-w64-mingw32/11.2.0/../../../../x86_64-w64-mingw32/lib/../lib/libmingw32.a(lib64_libmingw32_a-pseudo-reloc.o)
 .bss           0x00000001400080c0       0x10 C:/Users/WINDOWS/Downloads/msys64/mingw64/bin/../lib/gcc/x86_64-w64-mingw32/11.2.0/../../../../x86_64-w64-mingw32/lib/../lib/libmingw32.a(lib64_libmingw32_a-usermatherr.o)
 .bss           0x00000001400080d0       0x10 C:/Users/WINDOWS/Downloads/msys64/mingw64/bin/../lib/gcc/x86_64-w64-mingw32/11.2.0/../../../../x86_64-w64-mingw32/lib/../lib/libmingw32.a(lib64_libmingw32_a-xtxtmode.o)
                0x00000001400080d0                _fmode
 .bss           0x00000001400080e0       0x10 C:/Users/WINDOWS/Downloads/msys64/mingw64/bin/../lib/gcc/x86_64-w64-mingw32/11.2.0/../../../../x86_64-w64-mingw32/lib/../lib/libmingw32.a(lib64_libmingw32_a-crt_handler.o)
                0x00000001400080e0                __mingw_oldexcpt_handler
 *fill*         0x00000001400080f0       0x10 
 .bss           0x0000000140008100       0x60 C:/Users/WINDOWS/Downloads/msys64/mingw64/bin/../lib/gcc/x86_64-w64-mingw32/11.2.0/../../../../x86_64-w64-mingw32/lib/../lib/libmingw32.a(lib64_libmingw32_a-tlsthrd.o)
 .bss           0x0000000140008160        0x0 C:/Users/WINDOWS/Downloads/msys64/mingw64/bin/../lib/gcc/x86_64-w64-mingw32/11.2.0/../../../../x86_64-w64-mingw32/lib/../lib/libmingw32.a(lib64_libmingw32_a-tlsmcrt.o)
 .bss           0x0000000140008160       0x10 C:/Users/WINDOWS/Downloads/msys64/mingw64/bin/../lib/gcc/x86_64-w64-mingw32/11.2.0/../../../../x86_64-w64-mingw32/lib/../lib/libmingw32.a(lib64_libmingw32_a-pseudo-reloc-list.o)
 .bss           0x0000000140008170        0x0 C:/Users/WINDOWS/Downloads/msys64/mingw64/bin/../lib/gcc/x86_64-w64-mingw32/11.2.0/../../../../x86_64-w64-mingw32/lib/../lib/libmingw32.a(lib64_libmingw32_a-pesect.o)
 .bss           0x0000000140008170        0x0 C:/Users/WINDOWS/Downloads/msys64/mingw64/bin/../lib/gcc/x86_64-w64-mingw32/11.2.0/libgcc.a(_chkstk_ms.o)
 .bss           0x0000000140008170       0x20 C:/Users/WINDOWS/Downloads/msys64/mingw64/bin/../lib/gcc/x86_64-w64-mingw32/11.2.0/libgcc.a(_ctors.o)
 .bss           0x0000000140008190        0x0 C:/Users/WINDOWS/Downloads/msys64/mingw64/bin/../lib/gcc/x86_64-w64-mingw32/11.2.0/../../../../x86_64-w64-mingw32/lib/../lib/libmingwex.a(lib64_libmingwex_a-mingw_matherr.o)
 .bss           0x0000000140008190        0x0 C:/Users/WINDOWS/Downloads/msys64/mingw64/bin/../lib/gcc/x86_64-w64-mingw32/11.2.0/../../../../x86_64-w64-mingw32/lib/../lib/libmsvcrt.a(lib64_libmsvcrt_extra_a-__p__fmode.o)
 .bss           0x0000000140008190        0x0 C:/Users/WINDOWS/Downloads/msys64/mingw64/bin/../lib/gcc/x86_64-w64-mingw32/11.2.0/../../../../x86_64-w64-mingw32/lib/../lib/libmsvcrt.a(lib64_libmsvcrt_extra_a-__p__commode.o)
 .bss           0x0000000140008190        0x0 C:/Users/WINDOWS/Downloads/msys64/mingw64/bin/../lib/gcc/x86_64-w64-mingw32/11.2.0/../../../../x86_64-w64-mingw32/lib/../lib/libmsvcrt.a(lib64_libmsvcrt_extra_a-__p__acmdln.o)
 .bss           0x0000000140008190       0x10 C:/Users/WINDOWS/Downloads/msys64/mingw64/bin/../lib/gcc/x86_64-w64-mingw32/11.2.0/../../../../x86_64-w64-mingw32/lib/../lib/libmsvcrt.a(lib64_libmsvcrt_extra_a-invalid_parameter_handler.o)
 .bss           0x00000001400081a0        0x0 C:/Users/WINDOWS/Downloads/msys64/mingw64/bin/../lib/gcc/x86_64-w64-mingw32/11.2.0/../../../../x86_64-w64-mingw32/lib/../lib/libmsvcrt.a(lib64_libmsvcrt_common_a-acrt_iob_func.o)
 .bss           0x00000001400081a0        0x0 C:/Users/WINDOWS/Downloads/msys64/mingw64/bin/../lib/gcc/x86_64-w64-mingw32/11.2.0/../../../../x86_64-w64-mingw32/lib/../lib/libmsvcrt.a(libmsvcrt_defs00055.o)
 .bss           0x00000001400081a0        0x0 C:/Users/WINDOWS/Downloads/msys64/mingw64/bin/../lib/gcc/x86_64-w64-mingw32/11.2.0/../../../../x86_64-w64-mingw32/lib/../lib/libmsvcrt.a(libmsvcrt_defs00081.o)
 .bss           0x00000001400081a0        0x0 C:/Users/WINDOWS/Downloads/msys64/mingw64/bin/../lib/gcc/x86_64-w64-mingw32/11.2.0/../../../../x86_64-w64-mingw32/lib/../lib/libmsvcrt.a(libmsvcrt_defs00082.o)
 .bss           0x00000001400081a0        0x0 C:/Users/WINDOWS/Downloads/msys64/mingw64/bin/../lib/gcc/x86_64-w64-mingw32/11.2.0/../../../../x86_64-w64-mingw32/lib/../lib/libmsvcrt.a(libmsvcrt_defs00083.o)
 .bss           0x00000001400081a0        0x0 C:/Users/WINDOWS/Downloads/msys64/mingw64/bin/../lib/gcc/x86_64-w64-mingw32/11.2.0/../../../../x86_64-w64-mingw32/lib/../lib/libmsvcrt.a(libmsvcrt_defs00097.o)
 .bss           0x00000001400081a0        0x0 C:/Users/WINDOWS/Downloads/msys64/mingw64/bin/../lib/gcc/x86_64-w64-mingw32/11.2.0/../../../../x86_64-w64-mingw32/lib/../lib/libmsvcrt.a(libmsvcrt_defs00099.o)
 .bss           0x00000001400081a0        0x0 C:/Users/WINDOWS/Downloads/msys64/mingw64/bin/../lib/gcc/x86_64-w64-mingw32/11.2.0/../../../../x86_64-w64-mingw32/lib/../lib/libmsvcrt.a(libmsvcrt_defs00116.o)
 .bss           0x00000001400081a0        0x0 C:/Users/WINDOWS/Downloads/msys64/mingw64/bin/../lib/gcc/x86_64-w64-mingw32/11.2.0/../../../../x86_64-w64-mingw32/lib/../lib/libmsvcrt.a(libmsvcrt_defs00123.o)
 .bss           0x00000001400081a0        0x0 C:/Users/WINDOWS/Downloads/msys64/mingw64/bin/../lib/gcc/x86_64-w64-mingw32/11.2.0/../../../../x86_64-w64-mingw32/lib/../lib/libmsvcrt.a(libmsvcrt_defs00141.o)
 .bss           0x00000001400081a0        0x0 C:/Users/WINDOWS/Downloads/msys64/mingw64/bin/../lib/gcc/x86_64-w64-mingw32/11.2.0/../../../../x86_64-w64-mingw32/lib/../lib/libmsvcrt.a(libmsvcrt_defs00157.o)
 .bss           0x00000001400081a0        0x0 C:/Users/WINDOWS/Downloads/msys64/mingw64/bin/../lib/gcc/x86_64-w64-mingw32/11.2.0/../../../../x86_64-w64-mingw32/lib/../lib/libmsvcrt.a(libmsvcrt_defs00204.o)
 .bss           0x00000001400081a0        0x0 C:/Users/WINDOWS/Downloads/msys64/mingw64/bin/../lib/gcc/x86_64-w64-mingw32/11.2.0/../../../../x86_64-w64-mingw32/lib/../lib/libmsvcrt.a(libmsvcrt_defs00254.o)
 .bss           0x00000001400081a0        0x0 C:/Users/WINDOWS/Downloads/msys64/mingw64/bin/../lib/gcc/x86_64-w64-mingw32/11.2.0/../../../../x86_64-w64-mingw32/lib/../lib/libmsvcrt.a(libmsvcrt_defs00332.o)
 .bss           0x00000001400081a0        0x0 C:/Users/WINDOWS/Downloads/msys64/mingw64/bin/../lib/gcc/x86_64-w64-mingw32/11.2.0/../../../../x86_64-w64-mingw32/lib/../lib/libmsvcrt.a(libmsvcrt_defs00614.o)
 .bss           0x00000001400081a0        0x0 C:/Users/WINDOWS/Downloads/msys64/mingw64/bin/../lib/gcc/x86_64-w64-mingw32/11.2.0/../../../../x86_64-w64-mingw32/lib/../lib/libmsvcrt.a(libmsvcrt_defs01038.o)
 .bss           0x00000001400081a0        0x0 C:/Users/WINDOWS/Downloads/msys64/mingw64/bin/../lib/gcc/x86_64-w64-mingw32/11.2.0/../../../../x86_64-w64-mingw32/lib/../lib/libmsvcrt.a(libmsvcrt_defs01056.o)
 .bss           0x00000001400081a0        0x0 C:/Users/WINDOWS/Downloads/msys64/mingw64/bin/../lib/gcc/x86_64-w64-mingw32/11.2.0/../../../../x86_64-w64-mingw32/lib/../lib/libmsvcrt.a(libmsvcrt_defs01069.o)
 .bss           0x00000001400081a0        0x0 C:/Users/WINDOWS/Downloads/msys64/mingw64/bin/../lib/gcc/x86_64-w64-mingw32/11.2.0/../../../../x86_64-w64-mingw32/lib/../lib/libmsvcrt.a(libmsvcrt_defs01090.o)
 .bss           0x00000001400081a0        0x0 C:/Users/WINDOWS/Downloads/msys64/mingw64/bin/../lib/gcc/x86_64-w64-mingw32/11.2.0/../../../../x86_64-w64-mingw32/lib/../lib/libmsvcrt.a(libmsvcrt_defs01097.o)
 .bss           0x00000001400081a0        0x0 C:/Users/WINDOWS/Downloads/msys64/mingw64/bin/../lib/gcc/x86_64-w64-mingw32/11.2.0/../../../../x86_64-w64-mingw32/lib/../lib/libmsvcrt.a(libmsvcrt_defs01110.o)
 .bss           0x00000001400081a0        0x0 C:/Users/WINDOWS/Downloads/msys64/mingw64/bin/../lib/gcc/x86_64-w64-mingw32/11.2.0/../../../../x86_64-w64-mingw32/lib/../lib/libmsvcrt.a(libmsvcrt_defs01158.o)
 .bss           0x00000001400081a0        0x0 C:/Users/WINDOWS/Downloads/msys64/mingw64/bin/../lib/gcc/x86_64-w64-mingw32/11.2.0/../../../../x86_64-w64-mingw32/lib/../lib/libmsvcrt.a(libmsvcrt_defs01166.o)
 .bss           0x00000001400081a0        0x0 C:/Users/WINDOWS/Downloads/msys64/mingw64/bin/../lib/gcc/x86_64-w64-mingw32/11.2.0/../../../../x86_64-w64-mingw32/lib/../lib/libmsvcrt.a(libmsvcrt_defs01198.o)
 .bss           0x00000001400081a0        0x0 C:/Users/WINDOWS/Downloads/msys64/mingw64/bin/../lib/gcc/x86_64-w64-mingw32/11.2.0/../../../../x86_64-w64-mingw32/lib/../lib/libmsvcrt.a(libmsvcrt_defs01221.o)
 .bss           0x00000001400081a0        0x0 C:/Users/WINDOWS/Downloads/msys64/mingw64/bin/../lib/gcc/x86_64-w64-mingw32/11.2.0/../../../../x86_64-w64-mingw32/lib/../lib/libmsvcrt.a(libmsvcrt_defs01224.o)
 .bss           0x00000001400081a0        0x0 C:/Users/WINDOWS/Downloads/msys64/mingw64/bin/../lib/gcc/x86_64-w64-mingw32/11.2.0/../../../../x86_64-w64-mingw32/lib/../lib/libmsvcrt.a(libmsvcrt_defs01235.o)
 .bss           0x00000001400081a0        0x0 C:/Users/WINDOWS/Downloads/msys64/mingw64/bin/../lib/gcc/x86_64-w64-mingw32/11.2.0/../../../../x86_64-w64-mingw32/lib/../lib/libmsvcrt.a(libmsvcrt_defs01259.o)
 .bss           0x00000001400081a0        0x0 C:/Users/WINDOWS/Downloads/msys64/mingw64/bin/../lib/gcc/x86_64-w64-mingw32/11.2.0/../../../../x86_64-w64-mingw32/lib/../lib/libmsvcrt.a(libmsvcrt_defh.o)
 .bss           0x00000001400081a0        0x0 C:/Users/WINDOWS/Downloads/msys64/mingw64/bin/../lib/gcc/x86_64-w64-mingw32/11.2.0/../../../../x86_64-w64-mingw32/lib/../lib/libmsvcrt.a(libmsvcrt_deft.o)
 .bss           0x00000001400081a0        0x0 C:/Users/WINDOWS/Downloads/msys64/mingw64/bin/../lib/gcc/x86_64-w64-mingw32/11.2.0/../../../../x86_64-w64-mingw32/lib/../lib/libkernel32.a(libkernel32s01493.o)
 .bss           0x00000001400081a0        0x0 C:/Users/WINDOWS/Downloads/msys64/mingw64/bin/../lib/gcc/x86_64-w64-mingw32/11.2.0/../../../../x86_64-w64-mingw32/lib/../lib/libkernel32.a(libkernel32s01491.o)
 .bss           0x00000001400081a0        0x0 C:/Users/WINDOWS/Downloads/msys64/mingw64/bin/../lib/gcc/x86_64-w64-mingw32/11.2.0/../../../../x86_64-w64-mingw32/lib/../lib/libkernel32.a(libkernel32s01444.o)
 .bss           0x00000001400081a0        0x0 C:/Users/WINDOWS/Downloads/msys64/mingw64/bin/../lib/gcc/x86_64-w64-mingw32/11.2.0/../../../../x86_64-w64-mingw32/lib/../lib/libkernel32.a(libkernel32s01409.o)
 .bss           0x00000001400081a0        0x0 C:/Users/WINDOWS/Downloads/msys64/mingw64/bin/../lib/gcc/x86_64-w64-mingw32/11.2.0/../../../../x86_64-w64-mingw32/lib/../lib/libkernel32.a(libkernel32s01393.o)
 .bss           0x00000001400081a0        0x0 C:/Users/WINDOWS/Downloads/msys64/mingw64/bin/../lib/gcc/x86_64-w64-mingw32/11.2.0/../../../../x86_64-w64-mingw32/lib/../lib/libkernel32.a(libkernel32s00983.o)